Archive member included to satisfy reference by file (symbol)

c:/st/stm32cubeide_1.8.0/stm32cubeide/plugins/com.st.stm32cube.ide.mcu.externaltools.gnu-tools-for-stm32.9-2020-q2-update.win32_2.0.0.202105311346/tools/bin/../lib/gcc/arm-none-eabi/9.3.1/../../../../arm-none-eabi/lib/thumb/v7e-m+fp/hard\libc_nano.a(lib_a-errno.o)
                              ./Core/Src/syscalls.o (__errno)
c:/st/stm32cubeide_1.8.0/stm32cubeide/plugins/com.st.stm32cube.ide.mcu.externaltools.gnu-tools-for-stm32.9-2020-q2-update.win32_2.0.0.202105311346/tools/bin/../lib/gcc/arm-none-eabi/9.3.1/../../../../arm-none-eabi/lib/thumb/v7e-m+fp/hard\libc_nano.a(lib_a-exit.o)
                              c:/st/stm32cubeide_1.8.0/stm32cubeide/plugins/com.st.stm32cube.ide.mcu.externaltools.gnu-tools-for-stm32.9-2020-q2-update.win32_2.0.0.202105311346/tools/bin/../lib/gcc/arm-none-eabi/9.3.1/../../../../arm-none-eabi/lib/thumb/v7e-m+fp/hard/crt0.o (exit)
c:/st/stm32cubeide_1.8.0/stm32cubeide/plugins/com.st.stm32cube.ide.mcu.externaltools.gnu-tools-for-stm32.9-2020-q2-update.win32_2.0.0.202105311346/tools/bin/../lib/gcc/arm-none-eabi/9.3.1/../../../../arm-none-eabi/lib/thumb/v7e-m+fp/hard\libc_nano.a(lib_a-findfp.o)
                              ./Middlewares/Third_Party/FreeRTOS/Source/tasks.o (__sf_fake_stderr)
c:/st/stm32cubeide_1.8.0/stm32cubeide/plugins/com.st.stm32cube.ide.mcu.externaltools.gnu-tools-for-stm32.9-2020-q2-update.win32_2.0.0.202105311346/tools/bin/../lib/gcc/arm-none-eabi/9.3.1/../../../../arm-none-eabi/lib/thumb/v7e-m+fp/hard\libc_nano.a(lib_a-fwalk.o)
                              c:/st/stm32cubeide_1.8.0/stm32cubeide/plugins/com.st.stm32cube.ide.mcu.externaltools.gnu-tools-for-stm32.9-2020-q2-update.win32_2.0.0.202105311346/tools/bin/../lib/gcc/arm-none-eabi/9.3.1/../../../../arm-none-eabi/lib/thumb/v7e-m+fp/hard\libc_nano.a(lib_a-findfp.o) (_fwalk)
c:/st/stm32cubeide_1.8.0/stm32cubeide/plugins/com.st.stm32cube.ide.mcu.externaltools.gnu-tools-for-stm32.9-2020-q2-update.win32_2.0.0.202105311346/tools/bin/../lib/gcc/arm-none-eabi/9.3.1/../../../../arm-none-eabi/lib/thumb/v7e-m+fp/hard\libc_nano.a(lib_a-impure.o)
                              c:/st/stm32cubeide_1.8.0/stm32cubeide/plugins/com.st.stm32cube.ide.mcu.externaltools.gnu-tools-for-stm32.9-2020-q2-update.win32_2.0.0.202105311346/tools/bin/../lib/gcc/arm-none-eabi/9.3.1/../../../../arm-none-eabi/lib/thumb/v7e-m+fp/hard\libc_nano.a(lib_a-exit.o) (_global_impure_ptr)
c:/st/stm32cubeide_1.8.0/stm32cubeide/plugins/com.st.stm32cube.ide.mcu.externaltools.gnu-tools-for-stm32.9-2020-q2-update.win32_2.0.0.202105311346/tools/bin/../lib/gcc/arm-none-eabi/9.3.1/../../../../arm-none-eabi/lib/thumb/v7e-m+fp/hard\libc_nano.a(lib_a-init.o)
                              c:/st/stm32cubeide_1.8.0/stm32cubeide/plugins/com.st.stm32cube.ide.mcu.externaltools.gnu-tools-for-stm32.9-2020-q2-update.win32_2.0.0.202105311346/tools/bin/../lib/gcc/arm-none-eabi/9.3.1/../../../../arm-none-eabi/lib/thumb/v7e-m+fp/hard/crt0.o (__libc_init_array)
c:/st/stm32cubeide_1.8.0/stm32cubeide/plugins/com.st.stm32cube.ide.mcu.externaltools.gnu-tools-for-stm32.9-2020-q2-update.win32_2.0.0.202105311346/tools/bin/../lib/gcc/arm-none-eabi/9.3.1/../../../../arm-none-eabi/lib/thumb/v7e-m+fp/hard\libc_nano.a(lib_a-lock.o)
                              c:/st/stm32cubeide_1.8.0/stm32cubeide/plugins/com.st.stm32cube.ide.mcu.externaltools.gnu-tools-for-stm32.9-2020-q2-update.win32_2.0.0.202105311346/tools/bin/../lib/gcc/arm-none-eabi/9.3.1/../../../../arm-none-eabi/lib/thumb/v7e-m+fp/hard\libc_nano.a(lib_a-findfp.o) (__retarget_lock_init_recursive)
c:/st/stm32cubeide_1.8.0/stm32cubeide/plugins/com.st.stm32cube.ide.mcu.externaltools.gnu-tools-for-stm32.9-2020-q2-update.win32_2.0.0.202105311346/tools/bin/../lib/gcc/arm-none-eabi/9.3.1/../../../../arm-none-eabi/lib/thumb/v7e-m+fp/hard\libc_nano.a(lib_a-memcpy-stub.o)
                              ./Middlewares/Third_Party/FreeRTOS/Source/queue.o (memcpy)
c:/st/stm32cubeide_1.8.0/stm32cubeide/plugins/com.st.stm32cube.ide.mcu.externaltools.gnu-tools-for-stm32.9-2020-q2-update.win32_2.0.0.202105311346/tools/bin/../lib/gcc/arm-none-eabi/9.3.1/../../../../arm-none-eabi/lib/thumb/v7e-m+fp/hard\libc_nano.a(lib_a-memset.o)
                              c:/st/stm32cubeide_1.8.0/stm32cubeide/plugins/com.st.stm32cube.ide.mcu.externaltools.gnu-tools-for-stm32.9-2020-q2-update.win32_2.0.0.202105311346/tools/bin/../lib/gcc/arm-none-eabi/9.3.1/../../../../arm-none-eabi/lib/thumb/v7e-m+fp/hard/crt0.o (memset)
c:/st/stm32cubeide_1.8.0/stm32cubeide/plugins/com.st.stm32cube.ide.mcu.externaltools.gnu-tools-for-stm32.9-2020-q2-update.win32_2.0.0.202105311346/tools/bin/../lib/gcc/arm-none-eabi/9.3.1/../../../../arm-none-eabi/lib/thumb/v7e-m+fp/hard\libc_nano.a(lib_a-nano-mallocr.o)
[...]
Memory Configuration

Name             Origin             Length             Attributes
CCMRAM           0x0000000010000000 0x0000000000010000 xrw
RAM              0x0000000020000000 0x0000000000020000 xrw
FLASH            0x0000000008000000 0x00000000000f0000 xr
*default*        0x0000000000000000 0xffffffffffffffff

Linker script and memory map

LOAD c:/st/stm32cubeide_1.8.0/stm32cubeide/plugins/com.st.stm32cube.ide.mcu.externaltools.gnu-tools-for-stm32.9-2020-q2-update.win32_2.0.0.202105311346/tools/bin/../lib/gcc/arm-none-eabi/9.3.1/thumb/v7e-m+fp/hard/crti.o
LOAD c:/st/stm32cubeide_1.8.0/stm32cubeide/plugins/com.st.stm32cube.ide.mcu.externaltools.gnu-tools-for-stm32.9-2020-q2-update.win32_2.0.0.202105311346/tools/bin/../lib/gcc/arm-none-eabi/9.3.1/thumb/v7e-m+fp/hard/crtbegin.o
LOAD c:/st/stm32cubeide_1.8.0/stm32cubeide/plugins/com.st.stm32cube.ide.mcu.externaltools.gnu-tools-for-stm32.9-2020-q2-update.win32_2.0.0.202105311346/tools/bin/../lib/gcc/arm-none-eabi/9.3.1/../../../../arm-none-eabi/lib/thumb/v7e-m+fp/hard/crt0.o
LOAD ./Core/Src/freertos.o
LOAD ./Core/Src/main.o
LOAD ./Core/Src/stm32f4xx_hal_msp.o
LOAD ./Core/Src/stm32f4xx_hal_timebase_tim.o
LOAD ./Core/Src/stm32f4xx_it.o
LOAD ./Core/Src/syscalls.o
LOAD ./Core/Src/sysmem.o
LOAD ./Core/Src/system_stm32f4xx.o
LOAD ./Core/Startup/startup_stm32f407igtx.o
LOAD ./Drivers/STM32F4xx_HAL_Driver/Src/stm32f4xx_hal.o
LOAD ./Drivers/STM32F4xx_HAL_Driver/Src/stm32f4xx_hal_adc.o
LOAD ./Drivers/STM32F4xx_HAL_Driver/Src/stm32f4xx_hal_adc_ex.o
LOAD ./Drivers/STM32F4xx_HAL_Driver/Src/stm32f4xx_hal_cortex.o
LOAD ./Drivers/STM32F4xx_HAL_Driver/Src/stm32f4xx_hal_dma.o
LOAD ./Drivers/STM32F4xx_HAL_Driver/Src/stm32f4xx_hal_dma_ex.o
LOAD ./Drivers/STM32F4xx_HAL_Driver/Src/stm32f4xx_hal_exti.o
LOAD ./Drivers/STM32F4xx_HAL_Driver/Src/stm32f4xx_hal_flash.o
LOAD ./Drivers/STM32F4xx_HAL_Driver/Src/stm32f4xx_hal_flash_ex.o
LOAD ./Drivers/STM32F4xx_HAL_Driver/Src/stm32f4xx_hal_flash_ramfunc.o
LOAD ./Drivers/STM32F4xx_HAL_Driver/Src/stm32f4xx_hal_gpio.o
LOAD ./Drivers/STM32F4xx_HAL_Driver/Src/stm32f4xx_hal_i2c.o
LOAD ./Drivers/STM32F4xx_HAL_Driver/Src/stm32f4xx_hal_i2c_ex.o
LOAD ./Drivers/STM32F4xx_HAL_Driver/Src/stm32f4xx_hal_iwdg.o
LOAD ./Drivers/STM32F4xx_HAL_Driver/Src/stm32f4xx_hal_pwr.o
LOAD ./Drivers/STM32F4xx_HAL_Driver/Src/stm32f4xx_hal_pwr_ex.o
LOAD ./Drivers/STM32F4xx_HAL_Driver/Src/stm32f4xx_hal_rcc.o
LOAD ./Drivers/STM32F4xx_HAL_Driver/Src/stm32f4xx_hal_rcc_ex.o
LOAD ./Drivers/STM32F4xx_HAL_Driver/Src/stm32f4xx_hal_rtc.o
LOAD ./Drivers/STM32F4xx_HAL_Driver/Src/stm32f4xx_hal_rtc_ex.o
LOAD ./Drivers/STM32F4xx_HAL_Driver/Src/stm32f4xx_hal_spi.o
LOAD ./Drivers/STM32F4xx_HAL_Driver/Src/stm32f4xx_hal_tim.o
LOAD ./Drivers/STM32F4xx_HAL_Driver/Src/stm32f4xx_hal_tim_ex.o
LOAD ./Drivers/STM32F4xx_HAL_Driver/Src/stm32f4xx_hal_uart.o
LOAD ./Drivers/STM32F4xx_HAL_Driver/Src/stm32f4xx_ll_adc.o
LOAD ./Middlewares/Third_Party/FreeRTOS/Source/CMSIS_RTOS/cmsis_os.o
LOAD ./Middlewares/Third_Party/FreeRTOS/Source/croutine.o
LOAD ./Middlewares/Third_Party/FreeRTOS/Source/event_groups.o
LOAD ./Middlewares/Third_Party/FreeRTOS/Source/list.o
LOAD ./Middlewares/Third_Party/FreeRTOS/Source/queue.o
LOAD ./Middlewares/Third_Party/FreeRTOS/Source/stream_buffer.o
LOAD ./Middlewares/Third_Party/FreeRTOS/Source/tasks.o
LOAD ./Middlewares/Third_Party/FreeRTOS/Source/timers.o
LOAD ./Middlewares/Third_Party/FreeRTOS/Source/portable/GCC/ARM_CM4F/port.o
LOAD ./Middlewares/Third_Party/FreeRTOS/Source/portable/MemMang/heap_4.o
LOAD ./User/EventWriteTask.o
LOAD ./User/GetCurrentTask.o
LOAD ./User/M95Task.o
LOAD ./User/MainTask.o
LOAD ./User/MeterTask.o
LOAD ./User/ModbusPacketTask.o
LOAD ./User/ModbusTask.o
LOAD ./User/ReadRegistersTask.o
LOAD ./User/ce303.o
LOAD ./User/fm25v02.o
LOAD ./User/gpio.o
LOAD ./User/m95.o
LOAD ./User/modbus.o
LOAD ./User/tsl2561.o
START GROUP
LOAD c:/st/stm32cubeide_1.8.0/stm32cubeide/plugins/com.st.stm32cube.ide.mcu.externaltools.gnu-tools-for-stm32.9-2020-q2-update.win32_2.0.0.202105311346/tools/bin/../lib/gcc/arm-none-eabi/9.3.1/../../../../arm-none-eabi/lib/thumb/v7e-m+fp/hard\libc_nano.a
LOAD c:/st/stm32cubeide_1.8.0/stm32cubeide/plugins/com.st.stm32cube.ide.mcu.externaltools.gnu-tools-for-stm32.9-2020-q2-update.win32_2.0.0.202105311346/tools/bin/../lib/gcc/arm-none-eabi/9.3.1/../../../../arm-none-eabi/lib/thumb/v7e-m+fp/hard\libm.a
END GROUP
START GROUP
LOAD c:/st/stm32cubeide_1.8.0/stm32cubeide/plugins/com.st.stm32cube.ide.mcu.externaltools.gnu-tools-for-stm32.9-2020-q2-update.win32_2.0.0.202105311346/tools/bin/../lib/gcc/arm-none-eabi/9.3.1/thumb/v7e-m+fp/hard\libgcc.a
LOAD c:/st/stm32cubeide_1.8.0/stm32cubeide/plugins/com.st.stm32cube.ide.mcu.externaltools.gnu-tools-for-stm32.9-2020-q2-update.win32_2.0.0.202105311346/tools/bin/../lib/gcc/arm-none-eabi/9.3.1/../../../../arm-none-eabi/lib/thumb/v7e-m+fp/hard\libc_nano.a
END GROUP
START GROUP
LOAD c:/st/stm32cubeide_1.8.0/stm32cubeide/plugins/com.st.stm32cube.ide.mcu.externaltools.gnu-tools-for-stm32.9-2020-q2-update.win32_2.0.0.202105311346/tools/bin/../lib/gcc/arm-none-eabi/9.3.1/thumb/v7e-m+fp/hard\libgcc.a
LOAD c:/st/stm32cubeide_1.8.0/stm32cubeide/plugins/com.st.stm32cube.ide.mcu.externaltools.gnu-tools-for-stm32.9-2020-q2-update.win32_2.0.0.202105311346/tools/bin/../lib/gcc/arm-none-eabi/9.3.1/../../../../arm-none-eabi/lib/thumb/v7e-m+fp/hard\libc_nano.a
LOAD c:/st/stm32cubeide_1.8.0/stm32cubeide/plugins/com.st.stm32cube.ide.mcu.externaltools.gnu-tools-for-stm32.9-2020-q2-update.win32_2.0.0.202105311346/tools/bin/../lib/gcc/arm-none-eabi/9.3.1/../../../../arm-none-eabi/lib/thumb/v7e-m+fp/hard\libnosys.a
END GROUP
START GROUP
LOAD c:/st/stm32cubeide_1.8.0/stm32cubeide/plugins/com.st.stm32cube.ide.mcu.externaltools.gnu-tools-for-stm32.9-2020-q2-update.win32_2.0.0.202105311346/tools/bin/../lib/gcc/arm-none-eabi/9.3.1/thumb/v7e-m+fp/hard\libgcc.a
LOAD c:/st/stm32cubeide_1.8.0/stm32cubeide/plugins/com.st.stm32cube.ide.mcu.externaltools.gnu-tools-for-stm32.9-2020-q2-update.win32_2.0.0.202105311346/tools/bin/../lib/gcc/arm-none-eabi/9.3.1/../../../../arm-none-eabi/lib/thumb/v7e-m+fp/hard\libc_nano.a
LOAD c:/st/stm32cubeide_1.8.0/stm32cubeide/plugins/com.st.stm32cube.ide.mcu.externaltools.gnu-tools-for-stm32.9-2020-q2-update.win32_2.0.0.202105311346/tools/bin/../lib/gcc/arm-none-eabi/9.3.1/../../../../arm-none-eabi/lib/thumb/v7e-m+fp/hard\libnosys.a
END GROUP
LOAD c:/st/stm32cubeide_1.8.0/stm32cubeide/plugins/com.st.stm32cube.ide.mcu.externaltools.gnu-tools-for-stm32.9-2020-q2-update.win32_2.0.0.202105311346/tools/bin/../lib/gcc/arm-none-eabi/9.3.1/thumb/v7e-m+fp/hard/crtend.o
LOAD c:/st/stm32cubeide_1.8.0/stm32cubeide/plugins/com.st.stm32cube.ide.mcu.externaltools.gnu-tools-for-stm32.9-2020-q2-update.win32_2.0.0.202105311346/tools/bin/../lib/gcc/arm-none-eabi/9.3.1/thumb/v7e-m+fp/hard/crtn.o
                0x0000000020020000                _estack = (ORIGIN (RAM) + LENGTH (RAM))
                0x0000000000000200                _Min_Heap_Size = 0x200
                0x0000000000000400                _Min_Stack_Size = 0x400

.isr_vector     0x0000000008000000      0x188
                0x0000000008000000                . = ALIGN (0x4)
 *(.isr_vector)
 .isr_vector    0x0000000008000000      0x188 ./Core/Startup/startup_stm32f407igtx.o
                0x0000000008000000                g_pfnVectors
                0x0000000008000188                . = ALIGN (0x4)

.text           0x0000000008000190    0x1bbf4
                0x0000000008000190                . = ALIGN (0x4)
 *(.text)
 .text          0x0000000008000190       0x40 c:/st/stm32cubeide_1.8.0/stm32cubeide/plugins/com.st.stm32cube.ide.mcu.externaltools.gnu-tools-for-stm32.9-2020-q2-update.win32_2.0.0.202105311346/tools/bin/../lib/gcc/arm-none-eabi/9.3.1/thumb/v7e-m+fp/hard/crtbegin.o
 .text          0x00000000080001d0       0x10 c:/st/stm32cubeide_1.8.0/stm32cubeide/plugins/com.st.stm32cube.ide.mcu.externaltools.gnu-tools-for-stm32.9-2020-q2-update.win32_2.0.0.202105311346/tools/bin/../lib/gcc/arm-none-eabi/9.3.1/../../../../arm-none-eabi/lib/thumb/v7e-m+fp/hard\libc_nano.a(lib_a-strlen.o)
                0x00000000080001d0                strlen
 .text          0x00000000080001e0       0xa0 c:/st/stm32cubeide_1.8.0/stm32cubeide/plugins/com.st.stm32cube.ide.mcu.externaltools.gnu-tools-for-stm32.9-2020-q2-update.win32_2.0.0.202105311346/tools/bin/../lib/gcc/arm-none-eabi/9.3.1/../../../../arm-none-eabi/lib/thumb/v7e-m+fp/hard\libc_nano.a(lib_a-memchr.o)
                0x00000000080001e0                memchr
 .text          0x0000000008000280      0x378 c:/st/stm32cubeide_1.8.0/stm32cubeide/plugins/com.st.stm32cube.ide.mcu.externaltools.gnu-tools-for-stm32.9-2020-q2-update.win32_2.0.0.202105311346/tools/bin/../lib/gcc/arm-none-eabi/9.3.1/thumb/v7e-m+fp/hard\libgcc.a(_arm_addsubdf3.o)
                0x0000000008000280                __aeabi_drsub
                0x0000000008000288                __aeabi_dsub
                0x0000000008000288                __subdf3
                0x000000000800028c                __aeabi_dadd
                0x000000000800028c                __adddf3
                0x0000000008000504                __floatunsidf
                0x0000000008000504                __aeabi_ui2d
                0x0000000008000524                __floatsidf
                0x0000000008000524                __aeabi_i2d
                0x0000000008000548                __aeabi_f2d
                0x0000000008000548                __extendsfdf2
                0x000000000800058c                __floatundidf
                0x000000000800058c                __aeabi_ul2d
                0x000000000800059c                __floatdidf
                0x000000000800059c                __aeabi_l2d
 .text          0x00000000080005f8      0x424 c:/st/stm32cubeide_1.8.0/stm32cubeide/plugins/com.st.stm32cube.ide.mcu.externaltools.gnu-tools-for-stm32.9-2020-q2-update.win32_2.0.0.202105311346/tools/bin/../lib/gcc/arm-none-eabi/9.3.1/thumb/v7e-m+fp/hard\libgcc.a(_arm_muldivdf3.o)
                0x00000000080005f8                __aeabi_dmul
                0x00000000080005f8                __muldf3
                0x000000000800084c                __divdf3
                0x000000000800084c                __aeabi_ddiv
 .text          0x0000000008000a1c      0x110 c:/st/stm32cubeide_1.8.0/stm32cubeide/plugins/com.st.stm32cube.ide.mcu.externaltools.gnu-tools-for-stm32.9-2020-q2-update.win32_2.0.0.202105311346/tools/bin/../lib/gcc/arm-none-eabi/9.3.1/thumb/v7e-m+fp/hard\libgcc.a(_arm_cmpdf2.o)
                0x0000000008000a1c                __gtdf2
                0x0000000008000a1c                __gedf2
                0x0000000008000a24                __ltdf2
                0x0000000008000a24                __ledf2
                0x0000000008000a2c                __nedf2
                0x0000000008000a2c                __eqdf2
                0x0000000008000a2c                __cmpdf2
                0x0000000008000aa8                __aeabi_cdrcmple
                0x0000000008000ab8                __aeabi_cdcmpeq
                0x0000000008000ab8                __aeabi_cdcmple
                0x0000000008000ac8                __aeabi_dcmpeq
                0x0000000008000adc                __aeabi_dcmplt
                0x0000000008000af0                __aeabi_dcmple
                0x0000000008000b04                __aeabi_dcmpge
                0x0000000008000b18                __aeabi_dcmpgt
 .text          0x0000000008000b2c       0x2c c:/st/stm32cubeide_1.8.0/stm32cubeide/plugins/com.st.stm32cube.ide.mcu.externaltools.gnu-tools-for-stm32.9-2020-q2-update.win32_2.0.0.202105311346/tools/bin/../lib/gcc/arm-none-eabi/9.3.1/thumb/v7e-m+fp/hard\libgcc.a(_arm_unorddf2.o)
                0x0000000008000b2c                __unorddf2
                0x0000000008000b2c                __aeabi_dcmpun
 .text          0x0000000008000b58       0x30 c:/st/stm32cubeide_1.8.0/stm32cubeide/plugins/com.st.stm32cube.ide.mcu.externaltools.gnu-tools-for-stm32.9-2020-q2-update.win32_2.0.0.202105311346/tools/bin/../lib/gcc/arm-none-eabi/9.3.1/thumb/v7e-m+fp/hard\libgcc.a(_aeabi_uldivmod.o)
                0x0000000008000b58                __aeabi_uldivmod
 .text          0x0000000008000b88      0x2c4 c:/st/stm32cubeide_1.8.0/stm32cubeide/plugins/com.st.stm32cube.ide.mcu.externaltools.gnu-tools-for-stm32.9-2020-q2-update.win32_2.0.0.202105311346/tools/bin/../lib/gcc/arm-none-eabi/9.3.1/thumb/v7e-m+fp/hard\libgcc.a(_udivmoddi4.o)
                0x0000000008000b88                __udivmoddi4
 .text          0x0000000008000e4c        0x4 c:/st/stm32cubeide_1.8.0/stm32cubeide/plugins/com.st.stm32cube.ide.mcu.externaltools.gnu-tools-for-stm32.9-2020-q2-update.win32_2.0.0.202105311346/tools/bin/../lib/gcc/arm-none-eabi/9.3.1/thumb/v7e-m+fp/hard\libgcc.a(_dvmd_tls.o)
                0x0000000008000e4c                __aeabi_idiv0
                0x0000000008000e4c                __aeabi_ldiv0
 *(.text*)
 .text.vApplicationGetIdleTaskMemory
                0x0000000008000e50       0x34 ./Core/Src/freertos.o
                0x0000000008000e50                vApplicationGetIdleTaskMemory
 .text.vApplicationGetTimerTaskMemory
                0x0000000008000e84       0x34 ./Core/Src/freertos.o
                0x0000000008000e84                vApplicationGetTimerTaskMemory
 .text.__NVIC_SystemReset
                0x0000000008000eb8       0x2c ./Core/Src/main.o
 .text.HAL_UART_TxCpltCallback
                0x0000000008000ee4       0x6c ./Core/Src/main.o
                0x0000000008000ee4                HAL_UART_TxCpltCallback
 .text.HAL_UART_RxCpltCallback
                0x0000000008000f50       0xc4 ./Core/Src/main.o
                0x0000000008000f50                HAL_UART_RxCpltCallback
 .text.HAL_ADC_ConvCpltCallback
                0x0000000008001014      0x134 ./Core/Src/main.o
                0x0000000008001014                HAL_ADC_ConvCpltCallback
 .text.main     0x0000000008001148      0x388 ./Core/Src/main.o
                0x0000000008001148                main
 .text.SystemClock_Config
                0x00000000080014d0       0xdc ./Core/Src/main.o
                0x00000000080014d0                SystemClock_Config
 .text.MX_ADC1_Init
                0x00000000080015ac       0xdc ./Core/Src/main.o
 .text.MX_I2C1_Init
                0x0000000008001688       0x5c ./Core/Src/main.o
 .text.MX_IWDG_Init
                0x00000000080016e4       0x34 ./Core/Src/main.o
 .text.MX_RTC_Init
                0x0000000008001718       0x64 ./Core/Src/main.o
 .text.MX_SPI2_Init
                0x000000000800177c       0x6c ./Core/Src/main.o
 .text.MX_TIM2_Init
                0x00000000080017e8       0x98 ./Core/Src/main.o
 .text.MX_USART3_UART_Init
                0x0000000008001880       0x54 ./Core/Src/main.o
 .text.MX_USART6_UART_Init
                0x00000000080018d4       0x54 ./Core/Src/main.o
 .text.MX_DMA_Init
                0x0000000008001928       0x9c ./Core/Src/main.o
 .text.MX_GPIO_Init
                0x00000000080019c4      0x34c ./Core/Src/main.o
 .text.Callback_AT_Timer
                0x0000000008001d10       0x20 ./Core/Src/main.o
                0x0000000008001d10                Callback_AT_Timer
 .text.Callback_Ring_Center_Timer
                0x0000000008001d30       0x28 ./Core/Src/main.o
                0x0000000008001d30                Callback_Ring_Center_Timer
 .text.StartDefaultTask
                0x0000000008001d58       0x3c ./Core/Src/main.o
                0x0000000008001d58                StartDefaultTask
 .text.HAL_TIM_PeriodElapsedCallback
                0x0000000008001d94       0x48 ./Core/Src/main.o
                0x0000000008001d94                HAL_TIM_PeriodElapsedCallback
 .text.Error_Handler
                0x0000000008001ddc        0x8 ./Core/Src/main.o
                0x0000000008001ddc                Error_Handler
 .text.HAL_MspInit
                0x0000000008001de4       0x58 ./Core/Src/stm32f4xx_hal_msp.o
                0x0000000008001de4                HAL_MspInit
 .text.HAL_ADC_MspInit
                0x0000000008001e3c       0xec ./Core/Src/stm32f4xx_hal_msp.o
                0x0000000008001e3c                HAL_ADC_MspInit
 .text.HAL_I2C_MspInit
                0x0000000008001f28       0x90 ./Core/Src/stm32f4xx_hal_msp.o
                0x0000000008001f28                HAL_I2C_MspInit
 .text.HAL_I2C_MspDeInit
                0x0000000008001fb8       0x48 ./Core/Src/stm32f4xx_hal_msp.o
                0x0000000008001fb8                HAL_I2C_MspDeInit
 .text.HAL_RTC_MspInit
                0x0000000008002000       0x54 ./Core/Src/stm32f4xx_hal_msp.o
                0x0000000008002000                HAL_RTC_MspInit
 .text.HAL_SPI_MspInit
                0x0000000008002054       0x90 ./Core/Src/stm32f4xx_hal_msp.o
                0x0000000008002054                HAL_SPI_MspInit
 .text.HAL_TIM_Base_MspInit
                0x00000000080020e4       0x4c ./Core/Src/stm32f4xx_hal_msp.o
                0x00000000080020e4                HAL_TIM_Base_MspInit
 .text.HAL_UART_MspInit
                0x0000000008002130      0x2b4 ./Core/Src/stm32f4xx_hal_msp.o
                0x0000000008002130                HAL_UART_MspInit
 .text.HAL_InitTick
                0x00000000080023e4       0xb4 ./Core/Src/stm32f4xx_hal_timebase_tim.o
                0x00000000080023e4                HAL_InitTick
 .text.NMI_Handler
                0x0000000008002498        0x6 ./Core/Src/stm32f4xx_it.o
                0x0000000008002498                NMI_Handler
 .text.HardFault_Handler
                0x000000000800249e        0x6 ./Core/Src/stm32f4xx_it.o
                0x000000000800249e                HardFault_Handler
 .text.MemManage_Handler
                0x00000000080024a4        0x6 ./Core/Src/stm32f4xx_it.o
                0x00000000080024a4                MemManage_Handler
 .text.BusFault_Handler
                0x00000000080024aa        0x6 ./Core/Src/stm32f4xx_it.o
                0x00000000080024aa                BusFault_Handler
 .text.UsageFault_Handler
                0x00000000080024b0        0x6 ./Core/Src/stm32f4xx_it.o
                0x00000000080024b0                UsageFault_Handler
 .text.DebugMon_Handler
                0x00000000080024b6        0xe ./Core/Src/stm32f4xx_it.o
                0x00000000080024b6                DebugMon_Handler
 .text.DMA1_Stream1_IRQHandler
                0x00000000080024c4       0x14 ./Core/Src/stm32f4xx_it.o
                0x00000000080024c4                DMA1_Stream1_IRQHandler
 .text.DMA1_Stream3_IRQHandler
                0x00000000080024d8       0x14 ./Core/Src/stm32f4xx_it.o
                0x00000000080024d8                DMA1_Stream3_IRQHandler
 .text.TIM1_UP_TIM10_IRQHandler
                0x00000000080024ec       0x14 ./Core/Src/stm32f4xx_it.o
                0x00000000080024ec                TIM1_UP_TIM10_IRQHandler
 .text.TIM2_IRQHandler
                0x0000000008002500       0x14 ./Core/Src/stm32f4xx_it.o
                0x0000000008002500                TIM2_IRQHandler
 .text.USART3_IRQHandler
                0x0000000008002514       0x14 ./Core/Src/stm32f4xx_it.o
                0x0000000008002514                USART3_IRQHandler
 .text.DMA2_Stream0_IRQHandler
                0x0000000008002528       0x14 ./Core/Src/stm32f4xx_it.o
                0x0000000008002528                DMA2_Stream0_IRQHandler
 .text.DMA2_Stream1_IRQHandler
                0x000000000800253c       0x14 ./Core/Src/stm32f4xx_it.o
                0x000000000800253c                DMA2_Stream1_IRQHandler
 .text.DMA2_Stream6_IRQHandler
                0x0000000008002550       0x14 ./Core/Src/stm32f4xx_it.o
                0x0000000008002550                DMA2_Stream6_IRQHandler
 .text.USART6_IRQHandler
                0x0000000008002564       0x14 ./Core/Src/stm32f4xx_it.o
                0x0000000008002564                USART6_IRQHandler
 .text._sbrk    0x0000000008002578       0x6c ./Core/Src/sysmem.o
                0x0000000008002578                _sbrk
 .text.SystemInit
                0x00000000080025e4       0x24 ./Core/Src/system_stm32f4xx.o
                0x00000000080025e4                SystemInit
 .text.Reset_Handler
                0x0000000008002608       0x50 ./Core/Startup/startup_stm32f407igtx.o
                0x0000000008002608                Reset_Handler
 .text.Default_Handler
                0x0000000008002658        0x2 ./Core/Startup/startup_stm32f407igtx.o
                0x0000000008002658                RTC_Alarm_IRQHandler
                0x0000000008002658                HASH_RNG_IRQHandler
                0x0000000008002658                EXTI2_IRQHandler
                0x0000000008002658                TIM8_CC_IRQHandler
                0x0000000008002658                TIM1_CC_IRQHandler
                0x0000000008002658                DMA2_Stream5_IRQHandler
                0x0000000008002658                DMA1_Stream5_IRQHandler
                0x0000000008002658                PVD_IRQHandler
                0x0000000008002658                SDIO_IRQHandler
                0x0000000008002658                TAMP_STAMP_IRQHandler
                0x0000000008002658                CAN2_RX1_IRQHandler
                0x0000000008002658                EXTI3_IRQHandler
                0x0000000008002658                TIM8_TRG_COM_TIM14_IRQHandler
                0x0000000008002658                TIM8_UP_TIM13_IRQHandler
                0x0000000008002658                I2C3_ER_IRQHandler
                0x0000000008002658                EXTI0_IRQHandler
                0x0000000008002658                I2C2_EV_IRQHandler
                0x0000000008002658                DMA1_Stream2_IRQHandler
                0x0000000008002658                CAN1_RX0_IRQHandler
                0x0000000008002658                FPU_IRQHandler
                0x0000000008002658                OTG_HS_WKUP_IRQHandler
                0x0000000008002658                CAN2_SCE_IRQHandler
                0x0000000008002658                DMA2_Stream2_IRQHandler
                0x0000000008002658                SPI1_IRQHandler
                0x0000000008002658                TIM6_DAC_IRQHandler
                0x0000000008002658                TIM1_BRK_TIM9_IRQHandler
                0x0000000008002658                DCMI_IRQHandler
                0x0000000008002658                CAN2_RX0_IRQHandler
                0x0000000008002658                DMA2_Stream3_IRQHandler
                0x0000000008002658                CAN1_RX1_IRQHandler
                0x0000000008002658                UART5_IRQHandler
                0x0000000008002658                TIM4_IRQHandler
                0x0000000008002658                I2C1_EV_IRQHandler
                0x0000000008002658                DMA1_Stream6_IRQHandler
                0x0000000008002658                UART4_IRQHandler
                0x0000000008002658                TIM3_IRQHandler
                0x0000000008002658                RCC_IRQHandler
                0x0000000008002658                TIM8_BRK_TIM12_IRQHandler
                0x0000000008002658                Default_Handler
                0x0000000008002658                EXTI15_10_IRQHandler
                0x0000000008002658                ADC_IRQHandler
                0x0000000008002658                DMA1_Stream7_IRQHandler
                0x0000000008002658                TIM7_IRQHandler
                0x0000000008002658                CAN2_TX_IRQHandler
                0x0000000008002658                TIM5_IRQHandler
                0x0000000008002658                DMA2_Stream7_IRQHandler
                0x0000000008002658                I2C3_EV_IRQHandler
                0x0000000008002658                EXTI9_5_IRQHandler
                0x0000000008002658                RTC_WKUP_IRQHandler
                0x0000000008002658                ETH_WKUP_IRQHandler
                0x0000000008002658                SPI2_IRQHandler
                0x0000000008002658                OTG_HS_EP1_IN_IRQHandler
                0x0000000008002658                DMA1_Stream0_IRQHandler
                0x0000000008002658                CAN1_TX_IRQHandler
                0x0000000008002658                EXTI4_IRQHandler
                0x0000000008002658                FSMC_IRQHandler
                0x0000000008002658                ETH_IRQHandler
                0x0000000008002658                OTG_HS_EP1_OUT_IRQHandler
                0x0000000008002658                WWDG_IRQHandler
                0x0000000008002658                OTG_FS_WKUP_IRQHandler
                0x0000000008002658                TIM1_TRG_COM_TIM11_IRQHandler
                0x0000000008002658                OTG_HS_IRQHandler
                0x0000000008002658                EXTI1_IRQHandler
                0x0000000008002658                USART2_IRQHandler
                0x0000000008002658                I2C2_ER_IRQHandler
                0x0000000008002658                CAN1_SCE_IRQHandler
                0x0000000008002658                FLASH_IRQHandler
                0x0000000008002658                DMA2_Stream4_IRQHandler
                0x0000000008002658                USART1_IRQHandler
                0x0000000008002658                OTG_FS_IRQHandler
                0x0000000008002658                SPI3_IRQHandler
                0x0000000008002658                DMA1_Stream4_IRQHandler
                0x0000000008002658                I2C1_ER_IRQHandler
 *fill*         0x000000000800265a        0x2 
 .text.HAL_Init
                0x000000000800265c       0x44 ./Drivers/STM32F4xx_HAL_Driver/Src/stm32f4xx_hal.o
                0x000000000800265c                HAL_Init
 .text.HAL_IncTick
                0x00000000080026a0       0x28 ./Drivers/STM32F4xx_HAL_Driver/Src/stm32f4xx_hal.o
                0x00000000080026a0                HAL_IncTick
 .text.HAL_GetTick
                0x00000000080026c8       0x18 ./Drivers/STM32F4xx_HAL_Driver/Src/stm32f4xx_hal.o
                0x00000000080026c8                HAL_GetTick
 .text.HAL_Delay
                0x00000000080026e0       0x48 ./Drivers/STM32F4xx_HAL_Driver/Src/stm32f4xx_hal.o
                0x00000000080026e0                HAL_Delay
 .text.HAL_ADC_Init
                0x0000000008002728       0x86 ./Drivers/STM32F4xx_HAL_Driver/Src/stm32f4xx_hal_adc.o
                0x0000000008002728                HAL_ADC_Init
 *fill*         0x00000000080027ae        0x2 
 .text.HAL_ADC_Start_DMA
                0x00000000080027b0      0x220 ./Drivers/STM32F4xx_HAL_Driver/Src/stm32f4xx_hal_adc.o
                0x00000000080027b0                HAL_ADC_Start_DMA
 .text.HAL_ADC_ConvHalfCpltCallback
                0x00000000080029d0       0x14 ./Drivers/STM32F4xx_HAL_Driver/Src/stm32f4xx_hal_adc.o
                0x00000000080029d0                HAL_ADC_ConvHalfCpltCallback
 .text.HAL_ADC_ErrorCallback
                0x00000000080029e4       0x14 ./Drivers/STM32F4xx_HAL_Driver/Src/stm32f4xx_hal_adc.o
                0x00000000080029e4                HAL_ADC_ErrorCallback
 .text.HAL_ADC_ConfigChannel
                0x00000000080029f8      0x244 ./Drivers/STM32F4xx_HAL_Driver/Src/stm32f4xx_hal_adc.o
                0x00000000080029f8                HAL_ADC_ConfigChannel
 .text.ADC_Init
                0x0000000008002c3c      0x1f8 ./Drivers/STM32F4xx_HAL_Driver/Src/stm32f4xx_hal_adc.o
 .text.ADC_DMAConvCplt
                0x0000000008002e34       0xba ./Drivers/STM32F4xx_HAL_Driver/Src/stm32f4xx_hal_adc.o
 .text.ADC_DMAHalfConvCplt
                0x0000000008002eee       0x1c ./Drivers/STM32F4xx_HAL_Driver/Src/stm32f4xx_hal_adc.o
 .text.ADC_DMAError
                0x0000000008002f0a       0x2e ./Drivers/STM32F4xx_HAL_Driver/Src/stm32f4xx_hal_adc.o
 .text.__NVIC_SetPriorityGrouping
                0x0000000008002f38       0x48 ./Drivers/STM32F4xx_HAL_Driver/Src/stm32f4xx_hal_cortex.o
 .text.__NVIC_GetPriorityGrouping
                0x0000000008002f80       0x1c ./Drivers/STM32F4xx_HAL_Driver/Src/stm32f4xx_hal_cortex.o
 .text.__NVIC_EnableIRQ
                0x0000000008002f9c       0x3c ./Drivers/STM32F4xx_HAL_Driver/Src/stm32f4xx_hal_cortex.o
 .text.__NVIC_SetPriority
                0x0000000008002fd8       0x54 ./Drivers/STM32F4xx_HAL_Driver/Src/stm32f4xx_hal_cortex.o
 .text.NVIC_EncodePriority
                0x000000000800302c       0x66 ./Drivers/STM32F4xx_HAL_Driver/Src/stm32f4xx_hal_cortex.o
 .text.HAL_NVIC_SetPriorityGrouping
                0x0000000008003092       0x16 ./Drivers/STM32F4xx_HAL_Driver/Src/stm32f4xx_hal_cortex.o
                0x0000000008003092                HAL_NVIC_SetPriorityGrouping
 .text.HAL_NVIC_SetPriority
                0x00000000080030a8       0x38 ./Drivers/STM32F4xx_HAL_Driver/Src/stm32f4xx_hal_cortex.o
                0x00000000080030a8                HAL_NVIC_SetPriority
 .text.HAL_NVIC_EnableIRQ
                0x00000000080030e0       0x1c ./Drivers/STM32F4xx_HAL_Driver/Src/stm32f4xx_hal_cortex.o
                0x00000000080030e0                HAL_NVIC_EnableIRQ
 .text.HAL_DMA_Init
                0x00000000080030fc      0x15c ./Drivers/STM32F4xx_HAL_Driver/Src/stm32f4xx_hal_dma.o
                0x00000000080030fc                HAL_DMA_Init
 .text.HAL_DMA_Start_IT
                0x0000000008003258       0xb0 ./Drivers/STM32F4xx_HAL_Driver/Src/stm32f4xx_hal_dma.o
                0x0000000008003258                HAL_DMA_Start_IT
 .text.HAL_DMA_Abort
                0x0000000008003308       0xe0 ./Drivers/STM32F4xx_HAL_Driver/Src/stm32f4xx_hal_dma.o
                0x0000000008003308                HAL_DMA_Abort
 .text.HAL_DMA_Abort_IT
                0x00000000080033e8       0x44 ./Drivers/STM32F4xx_HAL_Driver/Src/stm32f4xx_hal_dma.o
                0x00000000080033e8                HAL_DMA_Abort_IT
 .text.HAL_DMA_IRQHandler
                0x000000000800342c      0x314 ./Drivers/STM32F4xx_HAL_Driver/Src/stm32f4xx_hal_dma.o
                0x000000000800342c                HAL_DMA_IRQHandler
 .text.DMA_SetConfig
                0x0000000008003740       0x5c ./Drivers/STM32F4xx_HAL_Driver/Src/stm32f4xx_hal_dma.o
 .text.DMA_CalcBaseAndBitshift
                0x000000000800379c       0x6c ./Drivers/STM32F4xx_HAL_Driver/Src/stm32f4xx_hal_dma.o
 .text.DMA_CheckFifoParam
                0x0000000008003808       0xf8 ./Drivers/STM32F4xx_HAL_Driver/Src/stm32f4xx_hal_dma.o
 .text.HAL_GPIO_Init
                0x0000000008003900      0x338 ./Drivers/STM32F4xx_HAL_Driver/Src/stm32f4xx_hal_gpio.o
                0x0000000008003900                HAL_GPIO_Init
 .text.HAL_GPIO_DeInit
                0x0000000008003c38      0x1f8 ./Drivers/STM32F4xx_HAL_Driver/Src/stm32f4xx_hal_gpio.o
                0x0000000008003c38                HAL_GPIO_DeInit
 .text.HAL_GPIO_ReadPin
                0x0000000008003e30       0x30 ./Drivers/STM32F4xx_HAL_Driver/Src/stm32f4xx_hal_gpio.o
                0x0000000008003e30                HAL_GPIO_ReadPin
 .text.HAL_GPIO_WritePin
                0x0000000008003e60       0x32 ./Drivers/STM32F4xx_HAL_Driver/Src/stm32f4xx_hal_gpio.o
                0x0000000008003e60                HAL_GPIO_WritePin
 .text.HAL_GPIO_TogglePin
                0x0000000008003e92       0x34 ./Drivers/STM32F4xx_HAL_Driver/Src/stm32f4xx_hal_gpio.o
                0x0000000008003e92                HAL_GPIO_TogglePin
 *fill*         0x0000000008003ec6        0x2 
 .text.HAL_I2C_Init
                0x0000000008003ec8      0x288 ./Drivers/STM32F4xx_HAL_Driver/Src/stm32f4xx_hal_i2c.o
                0x0000000008003ec8                HAL_I2C_Init
 .text.HAL_I2C_DeInit
                0x0000000008004150       0x5e ./Drivers/STM32F4xx_HAL_Driver/Src/stm32f4xx_hal_i2c.o
                0x0000000008004150                HAL_I2C_DeInit
 *fill*         0x00000000080041ae        0x2 
 .text.HAL_I2C_Master_Transmit
                0x00000000080041b0      0x1fc ./Drivers/STM32F4xx_HAL_Driver/Src/stm32f4xx_hal_i2c.o
                0x00000000080041b0                HAL_I2C_Master_Transmit
 .text.HAL_I2C_Master_Receive
                0x00000000080043ac      0x44c ./Drivers/STM32F4xx_HAL_Driver/Src/stm32f4xx_hal_i2c.o
                0x00000000080043ac                HAL_I2C_Master_Receive
 .text.I2C_MasterRequestWrite
                0x00000000080047f8      0x104 ./Drivers/STM32F4xx_HAL_Driver/Src/stm32f4xx_hal_i2c.o
 .text.I2C_MasterRequestRead
                0x00000000080048fc      0x19c ./Drivers/STM32F4xx_HAL_Driver/Src/stm32f4xx_hal_i2c.o
 .text.I2C_WaitOnFlagUntilTimeout
                0x0000000008004a98       0xae ./Drivers/STM32F4xx_HAL_Driver/Src/stm32f4xx_hal_i2c.o
 .text.I2C_WaitOnMasterAddressFlagUntilTimeout
                0x0000000008004b46       0xfe ./Drivers/STM32F4xx_HAL_Driver/Src/stm32f4xx_hal_i2c.o
 .text.I2C_WaitOnTXEFlagUntilTimeout
                0x0000000008004c44       0x82 ./Drivers/STM32F4xx_HAL_Driver/Src/stm32f4xx_hal_i2c.o
 .text.I2C_WaitOnBTFFlagUntilTimeout
                0x0000000008004cc6       0x82 ./Drivers/STM32F4xx_HAL_Driver/Src/stm32f4xx_hal_i2c.o
 .text.I2C_WaitOnRXNEFlagUntilTimeout
                0x0000000008004d48       0xac ./Drivers/STM32F4xx_HAL_Driver/Src/stm32f4xx_hal_i2c.o
 .text.I2C_IsAcknowledgeFailed
                0x0000000008004df4       0x5e ./Drivers/STM32F4xx_HAL_Driver/Src/stm32f4xx_hal_i2c.o
 .text.HAL_IWDG_Init
                0x0000000008004e52       0x84 ./Drivers/STM32F4xx_HAL_Driver/Src/stm32f4xx_hal_iwdg.o
                0x0000000008004e52                HAL_IWDG_Init
 .text.HAL_IWDG_Refresh
                0x0000000008004ed6       0x20 ./Drivers/STM32F4xx_HAL_Driver/Src/stm32f4xx_hal_iwdg.o
                0x0000000008004ed6                HAL_IWDG_Refresh
 *fill*         0x0000000008004ef6        0x2 
 .text.HAL_RCC_OscConfig
                0x0000000008004ef8      0x4f0 ./Drivers/STM32F4xx_HAL_Driver/Src/stm32f4xx_hal_rcc.o
                0x0000000008004ef8                HAL_RCC_OscConfig
 .text.HAL_RCC_ClockConfig
                0x00000000080053e8      0x1cc ./Drivers/STM32F4xx_HAL_Driver/Src/stm32f4xx_hal_rcc.o
                0x00000000080053e8                HAL_RCC_ClockConfig
 .text.HAL_RCC_GetSysClockFreq
                0x00000000080055b4      0x16c ./Drivers/STM32F4xx_HAL_Driver/Src/stm32f4xx_hal_rcc.o
                0x00000000080055b4                HAL_RCC_GetSysClockFreq
 .text.HAL_RCC_GetHCLKFreq
                0x0000000008005720       0x18 ./Drivers/STM32F4xx_HAL_Driver/Src/stm32f4xx_hal_rcc.o
                0x0000000008005720                HAL_RCC_GetHCLKFreq
 .text.HAL_RCC_GetPCLK1Freq
                0x0000000008005738       0x28 ./Drivers/STM32F4xx_HAL_Driver/Src/stm32f4xx_hal_rcc.o
                0x0000000008005738                HAL_RCC_GetPCLK1Freq
 .text.HAL_RCC_GetPCLK2Freq
                0x0000000008005760       0x28 ./Drivers/STM32F4xx_HAL_Driver/Src/stm32f4xx_hal_rcc.o
                0x0000000008005760                HAL_RCC_GetPCLK2Freq
 .text.HAL_RCC_GetClockConfig
                0x0000000008005788       0x64 ./Drivers/STM32F4xx_HAL_Driver/Src/stm32f4xx_hal_rcc.o
                0x0000000008005788                HAL_RCC_GetClockConfig
 .text.HAL_RCCEx_PeriphCLKConfig
                0x00000000080057ec      0x1c4 ./Drivers/STM32F4xx_HAL_Driver/Src/stm32f4xx_hal_rcc_ex.o
                0x00000000080057ec                HAL_RCCEx_PeriphCLKConfig
 .text.HAL_RTC_Init
                0x00000000080059b0       0xec ./Drivers/STM32F4xx_HAL_Driver/Src/stm32f4xx_hal_rtc.o
                0x00000000080059b0                HAL_RTC_Init
 .text.HAL_RTC_SetTime
                0x0000000008005a9c      0x134 ./Drivers/STM32F4xx_HAL_Driver/Src/stm32f4xx_hal_rtc.o
                0x0000000008005a9c                HAL_RTC_SetTime
 .text.HAL_RTC_GetTime
                0x0000000008005bd0       0xbc ./Drivers/STM32F4xx_HAL_Driver/Src/stm32f4xx_hal_rtc.o
                0x0000000008005bd0                HAL_RTC_GetTime
 .text.HAL_RTC_SetDate
                0x0000000008005c8c      0x108 ./Drivers/STM32F4xx_HAL_Driver/Src/stm32f4xx_hal_rtc.o
                0x0000000008005c8c                HAL_RTC_SetDate
 .text.HAL_RTC_GetDate
                0x0000000008005d94       0x9e ./Drivers/STM32F4xx_HAL_Driver/Src/stm32f4xx_hal_rtc.o
                0x0000000008005d94                HAL_RTC_GetDate
 .text.HAL_RTC_WaitForSynchro
                0x0000000008005e32       0x50 ./Drivers/STM32F4xx_HAL_Driver/Src/stm32f4xx_hal_rtc.o
                0x0000000008005e32                HAL_RTC_WaitForSynchro
 .text.RTC_EnterInitMode
                0x0000000008005e82       0x6e ./Drivers/STM32F4xx_HAL_Driver/Src/stm32f4xx_hal_rtc.o
                0x0000000008005e82                RTC_EnterInitMode
 .text.RTC_ExitInitMode
                0x0000000008005ef0       0x4a ./Drivers/STM32F4xx_HAL_Driver/Src/stm32f4xx_hal_rtc.o
                0x0000000008005ef0                RTC_ExitInitMode
 .text.RTC_ByteToBcd2
                0x0000000008005f3a       0x3a ./Drivers/STM32F4xx_HAL_Driver/Src/stm32f4xx_hal_rtc.o
                0x0000000008005f3a                RTC_ByteToBcd2
 .text.RTC_Bcd2ToByte
                0x0000000008005f74       0x38 ./Drivers/STM32F4xx_HAL_Driver/Src/stm32f4xx_hal_rtc.o
                0x0000000008005f74                RTC_Bcd2ToByte
 .text.HAL_SPI_Init
                0x0000000008005fac      0x112 ./Drivers/STM32F4xx_HAL_Driver/Src/stm32f4xx_hal_spi.o
                0x0000000008005fac                HAL_SPI_Init
 .text.HAL_SPI_Transmit
                0x00000000080060be      0x278 ./Drivers/STM32F4xx_HAL_Driver/Src/stm32f4xx_hal_spi.o
                0x00000000080060be                HAL_SPI_Transmit
 .text.HAL_SPI_Receive
                0x0000000008006336      0x222 ./Drivers/STM32F4xx_HAL_Driver/Src/stm32f4xx_hal_spi.o
                0x0000000008006336                HAL_SPI_Receive
 .text.HAL_SPI_TransmitReceive
                0x0000000008006558      0x344 ./Drivers/STM32F4xx_HAL_Driver/Src/stm32f4xx_hal_spi.o
                0x0000000008006558                HAL_SPI_TransmitReceive
 .text.SPI_WaitFlagStateUntilTimeout
                0x000000000800689c      0x110 ./Drivers/STM32F4xx_HAL_Driver/Src/stm32f4xx_hal_spi.o
 .text.SPI_EndRxTransaction
                0x00000000080069ac       0xca ./Drivers/STM32F4xx_HAL_Driver/Src/stm32f4xx_hal_spi.o
 *fill*         0x0000000008006a76        0x2 
 .text.SPI_EndRxTxTransaction
                0x0000000008006a78       0x84 ./Drivers/STM32F4xx_HAL_Driver/Src/stm32f4xx_hal_spi.o
 .text.HAL_TIM_Base_Init
                0x0000000008006afc       0x9e ./Drivers/STM32F4xx_HAL_Driver/Src/stm32f4xx_hal_tim.o
                0x0000000008006afc                HAL_TIM_Base_Init
 *fill*         0x0000000008006b9a        0x2 
 .text.HAL_TIM_Base_Start_IT
                0x0000000008006b9c       0xe0 ./Drivers/STM32F4xx_HAL_Driver/Src/stm32f4xx_hal_tim.o
                0x0000000008006b9c                HAL_TIM_Base_Start_IT
 .text.HAL_TIM_IRQHandler
                0x0000000008006c7c      0x210 ./Drivers/STM32F4xx_HAL_Driver/Src/stm32f4xx_hal_tim.o
                0x0000000008006c7c                HAL_TIM_IRQHandler
 .text.HAL_TIM_ConfigClockSource
                0x0000000008006e8c      0x18e ./Drivers/STM32F4xx_HAL_Driver/Src/stm32f4xx_hal_tim.o
                0x0000000008006e8c                HAL_TIM_ConfigClockSource
 .text.HAL_TIM_OC_DelayElapsedCallback
                0x000000000800701a       0x14 ./Drivers/STM32F4xx_HAL_Driver/Src/stm32f4xx_hal_tim.o
                0x000000000800701a                HAL_TIM_OC_DelayElapsedCallback
 .text.HAL_TIM_IC_CaptureCallback
                0x000000000800702e       0x14 ./Drivers/STM32F4xx_HAL_Driver/Src/stm32f4xx_hal_tim.o
                0x000000000800702e                HAL_TIM_IC_CaptureCallback
 .text.HAL_TIM_PWM_PulseFinishedCallback
                0x0000000008007042       0x14 ./Drivers/STM32F4xx_HAL_Driver/Src/stm32f4xx_hal_tim.o
                0x0000000008007042                HAL_TIM_PWM_PulseFinishedCallback
 .text.HAL_TIM_TriggerCallback
                0x0000000008007056       0x14 ./Drivers/STM32F4xx_HAL_Driver/Src/stm32f4xx_hal_tim.o
                0x0000000008007056                HAL_TIM_TriggerCallback
 *fill*         0x000000000800706a        0x2 
 .text.TIM_Base_SetConfig
                0x000000000800706c      0x140 ./Drivers/STM32F4xx_HAL_Driver/Src/stm32f4xx_hal_tim.o
                0x000000000800706c                TIM_Base_SetConfig
 .text.TIM_TI1_ConfigInputStage
                0x00000000080071ac       0x5e ./Drivers/STM32F4xx_HAL_Driver/Src/stm32f4xx_hal_tim.o
 .text.TIM_TI2_ConfigInputStage
                0x000000000800720a       0x60 ./Drivers/STM32F4xx_HAL_Driver/Src/stm32f4xx_hal_tim.o
 .text.TIM_ITRx_SetConfig
                0x000000000800726a       0x36 ./Drivers/STM32F4xx_HAL_Driver/Src/stm32f4xx_hal_tim.o
 .text.TIM_ETR_SetConfig
                0x00000000080072a0       0x40 ./Drivers/STM32F4xx_HAL_Driver/Src/stm32f4xx_hal_tim.o
                0x00000000080072a0                TIM_ETR_SetConfig
 .text.HAL_TIMEx_MasterConfigSynchronization
                0x00000000080072e0       0xf8 ./Drivers/STM32F4xx_HAL_Driver/Src/stm32f4xx_hal_tim_ex.o
                0x00000000080072e0                HAL_TIMEx_MasterConfigSynchronization
 .text.HAL_TIMEx_CommutCallback
                0x00000000080073d8       0x14 ./Drivers/STM32F4xx_HAL_Driver/Src/stm32f4xx_hal_tim_ex.o
                0x00000000080073d8                HAL_TIMEx_CommutCallback
 .text.HAL_TIMEx_BreakCallback
                0x00000000080073ec       0x14 ./Drivers/STM32F4xx_HAL_Driver/Src/stm32f4xx_hal_tim_ex.o
                0x00000000080073ec                HAL_TIMEx_BreakCallback
 .text.HAL_UART_Init
                0x0000000008007400       0x9a ./Drivers/STM32F4xx_HAL_Driver/Src/stm32f4xx_hal_uart.o
                0x0000000008007400                HAL_UART_Init
 *fill*         0x000000000800749a        0x2 
 .text.HAL_UART_Transmit_DMA
                0x000000000800749c       0xfc ./Drivers/STM32F4xx_HAL_Driver/Src/stm32f4xx_hal_uart.o
                0x000000000800749c                HAL_UART_Transmit_DMA
 .text.HAL_UART_Receive_DMA
                0x0000000008007598       0x60 ./Drivers/STM32F4xx_HAL_Driver/Src/stm32f4xx_hal_uart.o
                0x0000000008007598                HAL_UART_Receive_DMA
 .text.HAL_UART_IRQHandler
                0x00000000080075f8      0x51c ./Drivers/STM32F4xx_HAL_Driver/Src/stm32f4xx_hal_uart.o
                0x00000000080075f8                HAL_UART_IRQHandler
 .text.HAL_UART_TxHalfCpltCallback
                0x0000000008007b14       0x14 ./Drivers/STM32F4xx_HAL_Driver/Src/stm32f4xx_hal_uart.o
                0x0000000008007b14                HAL_UART_TxHalfCpltCallback
 .text.HAL_UART_RxHalfCpltCallback
                0x0000000008007b28       0x14 ./Drivers/STM32F4xx_HAL_Driver/Src/stm32f4xx_hal_uart.o
                0x0000000008007b28                HAL_UART_RxHalfCpltCallback
 .text.HAL_UART_ErrorCallback
                0x0000000008007b3c       0x14 ./Drivers/STM32F4xx_HAL_Driver/Src/stm32f4xx_hal_uart.o
                0x0000000008007b3c                HAL_UART_ErrorCallback
 .text.HAL_UARTEx_RxEventCallback
                0x0000000008007b50       0x18 ./Drivers/STM32F4xx_HAL_Driver/Src/stm32f4xx_hal_uart.o
                0x0000000008007b50                HAL_UARTEx_RxEventCallback
 .text.UART_DMATransmitCplt
                0x0000000008007b68       0x9a ./Drivers/STM32F4xx_HAL_Driver/Src/stm32f4xx_hal_uart.o
 .text.UART_DMATxHalfCplt
                0x0000000008007c02       0x1c ./Drivers/STM32F4xx_HAL_Driver/Src/stm32f4xx_hal_uart.o
 .text.UART_DMAReceiveCplt
                0x0000000008007c1e      0x126 ./Drivers/STM32F4xx_HAL_Driver/Src/stm32f4xx_hal_uart.o
 .text.UART_DMARxHalfCplt
                0x0000000008007d44       0x36 ./Drivers/STM32F4xx_HAL_Driver/Src/stm32f4xx_hal_uart.o
 .text.UART_DMAError
                0x0000000008007d7a       0x94 ./Drivers/STM32F4xx_HAL_Driver/Src/stm32f4xx_hal_uart.o
 *fill*         0x0000000008007e0e        0x2 
 .text.UART_Start_Receive_DMA
                0x0000000008007e10      0x13c ./Drivers/STM32F4xx_HAL_Driver/Src/stm32f4xx_hal_uart.o
                0x0000000008007e10                UART_Start_Receive_DMA
 .text.UART_EndTxTransfer
                0x0000000008007f4c       0x50 ./Drivers/STM32F4xx_HAL_Driver/Src/stm32f4xx_hal_uart.o
 .text.UART_EndRxTransfer
                0x0000000008007f9c       0xc6 ./Drivers/STM32F4xx_HAL_Driver/Src/stm32f4xx_hal_uart.o
 .text.UART_DMAAbortOnError
                0x0000000008008062       0x28 ./Drivers/STM32F4xx_HAL_Driver/Src/stm32f4xx_hal_uart.o
 .text.UART_Transmit_IT
                0x000000000800808a       0xa0 ./Drivers/STM32F4xx_HAL_Driver/Src/stm32f4xx_hal_uart.o
 .text.UART_EndTransmit_IT
                0x000000000800812a       0x30 ./Drivers/STM32F4xx_HAL_Driver/Src/stm32f4xx_hal_uart.o
 .text.UART_Receive_IT
                0x000000000800815a      0x176 ./Drivers/STM32F4xx_HAL_Driver/Src/stm32f4xx_hal_uart.o
 .text.UART_SetConfig
                0x00000000080082d0      0x390 ./Drivers/STM32F4xx_HAL_Driver/Src/stm32f4xx_hal_uart.o
 .text.makeFreeRtosPriority
                0x0000000008008660       0x30 ./Middlewares/Third_Party/FreeRTOS/Source/CMSIS_RTOS/cmsis_os.o
 .text.inHandlerMode
                0x0000000008008690       0x24 ./Middlewares/Third_Party/FreeRTOS/Source/CMSIS_RTOS/cmsis_os.o
 .text.osKernelStart
                0x00000000080086b4        0xe ./Middlewares/Third_Party/FreeRTOS/Source/CMSIS_RTOS/cmsis_os.o
                0x00000000080086b4                osKernelStart
 .text.osThreadCreate
                0x00000000080086c2       0x98 ./Middlewares/Third_Party/FreeRTOS/Source/CMSIS_RTOS/cmsis_os.o
                0x00000000080086c2                osThreadCreate
 .text.osDelay  0x000000000800875a       0x28 ./Middlewares/Third_Party/FreeRTOS/Source/CMSIS_RTOS/cmsis_os.o
                0x000000000800875a                osDelay
 *fill*         0x0000000008008782        0x2 
 .text.osTimerCreate
                0x0000000008008784       0x68 ./Middlewares/Third_Party/FreeRTOS/Source/CMSIS_RTOS/cmsis_os.o
                0x0000000008008784                osTimerCreate
 .text.osTimerStart
                0x00000000080087ec       0x88 ./Middlewares/Third_Party/FreeRTOS/Source/CMSIS_RTOS/cmsis_os.o
                0x00000000080087ec                osTimerStart
 .text.osTimerStop
                0x0000000008008874       0x78 ./Middlewares/Third_Party/FreeRTOS/Source/CMSIS_RTOS/cmsis_os.o
                0x0000000008008874                osTimerStop
 .text.osMutexCreate
                0x00000000080088ec       0x30 ./Middlewares/Third_Party/FreeRTOS/Source/CMSIS_RTOS/cmsis_os.o
                0x00000000080088ec                osMutexCreate
 .text.osMutexWait
                0x000000000800891c       0x9c ./Middlewares/Third_Party/FreeRTOS/Source/CMSIS_RTOS/cmsis_os.o
                0x000000000800891c                osMutexWait
 .text.osMutexRelease
                0x00000000080089b8       0x6c ./Middlewares/Third_Party/FreeRTOS/Source/CMSIS_RTOS/cmsis_os.o
                0x00000000080089b8                osMutexRelease
 .text.osSemaphoreCreate
                0x0000000008008a24       0x64 ./Middlewares/Third_Party/FreeRTOS/Source/CMSIS_RTOS/cmsis_os.o
                0x0000000008008a24                osSemaphoreCreate
 .text.osSemaphoreWait
                0x0000000008008a88       0x9c ./Middlewares/Third_Party/FreeRTOS/Source/CMSIS_RTOS/cmsis_os.o
                0x0000000008008a88                osSemaphoreWait
 .text.osSemaphoreRelease
                0x0000000008008b24       0x6c ./Middlewares/Third_Party/FreeRTOS/Source/CMSIS_RTOS/cmsis_os.o
                0x0000000008008b24                osSemaphoreRelease
 .text.osMessageCreate
                0x0000000008008b90       0x50 ./Middlewares/Third_Party/FreeRTOS/Source/CMSIS_RTOS/cmsis_os.o
                0x0000000008008b90                osMessageCreate
 .text.osMessagePut
                0x0000000008008be0       0x80 ./Middlewares/Third_Party/FreeRTOS/Source/CMSIS_RTOS/cmsis_os.o
                0x0000000008008be0                osMessagePut
 .text.osMessageGet
                0x0000000008008c60       0xe8 ./Middlewares/Third_Party/FreeRTOS/Source/CMSIS_RTOS/cmsis_os.o
                0x0000000008008c60                osMessageGet
 .text.osThreadSuspend
                0x0000000008008d48       0x18 ./Middlewares/Third_Party/FreeRTOS/Source/CMSIS_RTOS/cmsis_os.o
                0x0000000008008d48                osThreadSuspend
 .text.osThreadResume
                0x0000000008008d60       0x44 ./Middlewares/Third_Party/FreeRTOS/Source/CMSIS_RTOS/cmsis_os.o
                0x0000000008008d60                osThreadResume
 .text.vListInitialise
                0x0000000008008da4       0x40 ./Middlewares/Third_Party/FreeRTOS/Source/list.o
                0x0000000008008da4                vListInitialise
 .text.vListInitialiseItem
                0x0000000008008de4       0x1a ./Middlewares/Third_Party/FreeRTOS/Source/list.o
                0x0000000008008de4                vListInitialiseItem
 .text.vListInsertEnd
                0x0000000008008dfe       0x48 ./Middlewares/Third_Party/FreeRTOS/Source/list.o
                0x0000000008008dfe                vListInsertEnd
 .text.vListInsert
                0x0000000008008e46       0x72 ./Middlewares/Third_Party/FreeRTOS/Source/list.o
                0x0000000008008e46                vListInsert
 .text.uxListRemove
                0x0000000008008eb8       0x54 ./Middlewares/Third_Party/FreeRTOS/Source/list.o
                0x0000000008008eb8                uxListRemove
 .text.xQueueGenericReset
                0x0000000008008f0c       0xd0 ./Middlewares/Third_Party/FreeRTOS/Source/queue.o
                0x0000000008008f0c                xQueueGenericReset
 .text.xQueueGenericCreateStatic
                0x0000000008008fdc       0xf0 ./Middlewares/Third_Party/FreeRTOS/Source/queue.o
                0x0000000008008fdc                xQueueGenericCreateStatic
 .text.xQueueGenericCreate
                0x00000000080090cc       0x74 ./Middlewares/Third_Party/FreeRTOS/Source/queue.o
                0x00000000080090cc                xQueueGenericCreate
 .text.prvInitialiseNewQueue
                0x0000000008009140       0x3e ./Middlewares/Third_Party/FreeRTOS/Source/queue.o
 .text.prvInitialiseMutex
                0x000000000800917e       0x34 ./Middlewares/Third_Party/FreeRTOS/Source/queue.o
 .text.xQueueCreateMutex
                0x00000000080091b2       0x30 ./Middlewares/Third_Party/FreeRTOS/Source/queue.o
                0x00000000080091b2                xQueueCreateMutex
 .text.xQueueCreateMutexStatic
                0x00000000080091e2       0x36 ./Middlewares/Third_Party/FreeRTOS/Source/queue.o
                0x00000000080091e2                xQueueCreateMutexStatic
 .text.xQueueGenericSend
                0x0000000008009218      0x1fc ./Middlewares/Third_Party/FreeRTOS/Source/queue.o
                0x0000000008009218                xQueueGenericSend
 .text.xQueueGenericSendFromISR
                0x0000000008009414      0x136 ./Middlewares/Third_Party/FreeRTOS/Source/queue.o
                0x0000000008009414                xQueueGenericSendFromISR
 .text.xQueueGiveFromISR
                0x000000000800954a      0x11a ./Middlewares/Third_Party/FreeRTOS/Source/queue.o
                0x000000000800954a                xQueueGiveFromISR
 .text.xQueueReceive
                0x0000000008009664      0x1c0 ./Middlewares/Third_Party/FreeRTOS/Source/queue.o
                0x0000000008009664                xQueueReceive
 .text.xQueueSemaphoreTake
                0x0000000008009824      0x218 ./Middlewares/Third_Party/FreeRTOS/Source/queue.o
                0x0000000008009824                xQueueSemaphoreTake
 .text.xQueueReceiveFromISR
                0x0000000008009a3c      0x100 ./Middlewares/Third_Party/FreeRTOS/Source/queue.o
                0x0000000008009a3c                xQueueReceiveFromISR
 .text.prvGetDisinheritPriorityAfterTimeout
                0x0000000008009b3c       0x30 ./Middlewares/Third_Party/FreeRTOS/Source/queue.o
 .text.prvCopyDataToQueue
                0x0000000008009b6c       0xd4 ./Middlewares/Third_Party/FreeRTOS/Source/queue.o
 .text.prvCopyDataFromQueue
                0x0000000008009c40       0x4c ./Middlewares/Third_Party/FreeRTOS/Source/queue.o
 .text.prvUnlockQueue
                0x0000000008009c8c       0xa4 ./Middlewares/Third_Party/FreeRTOS/Source/queue.o
 .text.prvIsQueueEmpty
                0x0000000008009d30       0x2c ./Middlewares/Third_Party/FreeRTOS/Source/queue.o
 .text.prvIsQueueFull
                0x0000000008009d5c       0x30 ./Middlewares/Third_Party/FreeRTOS/Source/queue.o
 .text.vQueueAddToRegistry
                0x0000000008009d8c       0x54 ./Middlewares/Third_Party/FreeRTOS/Source/queue.o
                0x0000000008009d8c                vQueueAddToRegistry
 .text.vQueueWaitForMessageRestricted
                0x0000000008009de0       0x68 ./Middlewares/Third_Party/FreeRTOS/Source/queue.o
                0x0000000008009de0                vQueueWaitForMessageRestricted
 .text.xTaskCreateStatic
                0x0000000008009e48       0xba ./Middlewares/Third_Party/FreeRTOS/Source/tasks.o
                0x0000000008009e48                xTaskCreateStatic
 .text.xTaskCreate
                0x0000000008009f02       0x8a ./Middlewares/Third_Party/FreeRTOS/Source/tasks.o
                0x0000000008009f02                xTaskCreate
 .text.prvInitialiseNewTask
                0x0000000008009f8c      0x13c ./Middlewares/Third_Party/FreeRTOS/Source/tasks.o
 .text.prvAddNewTaskToReadyList
                0x000000000800a0c8       0xd4 ./Middlewares/Third_Party/FreeRTOS/Source/tasks.o
 .text.vTaskDelay
                0x000000000800a19c       0x68 ./Middlewares/Third_Party/FreeRTOS/Source/tasks.o
                0x000000000800a19c                vTaskDelay
 .text.vTaskSuspend
                0x000000000800a204      0x124 ./Middlewares/Third_Party/FreeRTOS/Source/tasks.o
                0x000000000800a204                vTaskSuspend
 .text.prvTaskIsTaskSuspended
                0x000000000800a328       0x64 ./Middlewares/Third_Party/FreeRTOS/Source/tasks.o
 .text.vTaskResume
                0x000000000800a38c       0xbc ./Middlewares/Third_Party/FreeRTOS/Source/tasks.o
                0x000000000800a38c                vTaskResume
 .text.xTaskResumeFromISR
                0x000000000800a448       0xe4 ./Middlewares/Third_Party/FreeRTOS/Source/tasks.o
                0x000000000800a448                xTaskResumeFromISR
 .text.vTaskStartScheduler
                0x000000000800a52c       0xe0 ./Middlewares/Third_Party/FreeRTOS/Source/tasks.o
                0x000000000800a52c                vTaskStartScheduler
 .text.vTaskSuspendAll
                0x000000000800a60c       0x1c ./Middlewares/Third_Party/FreeRTOS/Source/tasks.o
                0x000000000800a60c                vTaskSuspendAll
 .text.xTaskResumeAll
                0x000000000800a628      0x138 ./Middlewares/Third_Party/FreeRTOS/Source/tasks.o
                0x000000000800a628                xTaskResumeAll
 .text.xTaskGetTickCount
                0x000000000800a760       0x20 ./Middlewares/Third_Party/FreeRTOS/Source/tasks.o
                0x000000000800a760                xTaskGetTickCount
 .text.xTaskIncrementTick
                0x000000000800a780      0x170 ./Middlewares/Third_Party/FreeRTOS/Source/tasks.o
                0x000000000800a780                xTaskIncrementTick
 .text.vTaskSwitchContext
                0x000000000800a8f0       0xc4 ./Middlewares/Third_Party/FreeRTOS/Source/tasks.o
                0x000000000800a8f0                vTaskSwitchContext
 .text.vTaskPlaceOnEventList
                0x000000000800a9b4       0x48 ./Middlewares/Third_Party/FreeRTOS/Source/tasks.o
                0x000000000800a9b4                vTaskPlaceOnEventList
 .text.vTaskPlaceOnEventListRestricted
                0x000000000800a9fc       0x58 ./Middlewares/Third_Party/FreeRTOS/Source/tasks.o
                0x000000000800a9fc                vTaskPlaceOnEventListRestricted
 .text.xTaskRemoveFromEventList
                0x000000000800aa54       0xc4 ./Middlewares/Third_Party/FreeRTOS/Source/tasks.o
                0x000000000800aa54                xTaskRemoveFromEventList
 .text.vTaskInternalSetTimeOutState
                0x000000000800ab18       0x2c ./Middlewares/Third_Party/FreeRTOS/Source/tasks.o
                0x000000000800ab18                vTaskInternalSetTimeOutState
 .text.xTaskCheckForTimeOut
                0x000000000800ab44       0xc4 ./Middlewares/Third_Party/FreeRTOS/Source/tasks.o
                0x000000000800ab44                xTaskCheckForTimeOut
 .text.vTaskMissedYield
                0x000000000800ac08       0x18 ./Middlewares/Third_Party/FreeRTOS/Source/tasks.o
                0x000000000800ac08                vTaskMissedYield
 .text.prvIdleTask
                0x000000000800ac20       0x30 ./Middlewares/Third_Party/FreeRTOS/Source/tasks.o
 .text.prvInitialiseTaskLists
                0x000000000800ac50       0x80 ./Middlewares/Third_Party/FreeRTOS/Source/tasks.o
 .text.prvCheckTasksWaitingTermination
                0x000000000800acd0       0x5c ./Middlewares/Third_Party/FreeRTOS/Source/tasks.o
 .text.prvDeleteTCB
                0x000000000800ad2c       0x68 ./Middlewares/Third_Party/FreeRTOS/Source/tasks.o
 .text.prvResetNextTaskUnblockTime
                0x000000000800ad94       0x40 ./Middlewares/Third_Party/FreeRTOS/Source/tasks.o
 .text.xTaskGetSchedulerState
                0x000000000800add4       0x3c ./Middlewares/Third_Party/FreeRTOS/Source/tasks.o
                0x000000000800add4                xTaskGetSchedulerState
 .text.xTaskPriorityInherit
                0x000000000800ae10       0xec ./Middlewares/Third_Party/FreeRTOS/Source/tasks.o
                0x000000000800ae10                xTaskPriorityInherit
 .text.xTaskPriorityDisinherit
                0x000000000800aefc      0x10c ./Middlewares/Third_Party/FreeRTOS/Source/tasks.o
                0x000000000800aefc                xTaskPriorityDisinherit
 .text.vTaskPriorityDisinheritAfterTimeout
                0x000000000800b008      0x11c ./Middlewares/Third_Party/FreeRTOS/Source/tasks.o
                0x000000000800b008                vTaskPriorityDisinheritAfterTimeout
 .text.pvTaskIncrementMutexHeldCount
                0x000000000800b124       0x28 ./Middlewares/Third_Party/FreeRTOS/Source/tasks.o
                0x000000000800b124                pvTaskIncrementMutexHeldCount
 .text.prvAddCurrentTaskToDelayedList
                0x000000000800b14c       0xcc ./Middlewares/Third_Party/FreeRTOS/Source/tasks.o
 .text.xTimerCreateTimerTask
                0x000000000800b218       0x90 ./Middlewares/Third_Party/FreeRTOS/Source/timers.o
                0x000000000800b218                xTimerCreateTimerTask
 .text.xTimerCreate
                0x000000000800b2a8       0x42 ./Middlewares/Third_Party/FreeRTOS/Source/timers.o
                0x000000000800b2a8                xTimerCreate
 .text.xTimerCreateStatic
                0x000000000800b2ea       0x7c ./Middlewares/Third_Party/FreeRTOS/Source/timers.o
                0x000000000800b2ea                xTimerCreateStatic
 .text.prvInitialiseNewTimer
                0x000000000800b366       0x76 ./Middlewares/Third_Party/FreeRTOS/Source/timers.o
 .text.xTimerGenericCommand
                0x000000000800b3dc       0x9c ./Middlewares/Third_Party/FreeRTOS/Source/timers.o
                0x000000000800b3dc                xTimerGenericCommand
 .text.prvProcessExpiredTimer
                0x000000000800b478       0x98 ./Middlewares/Third_Party/FreeRTOS/Source/timers.o
 .text.prvTimerTask
                0x000000000800b510       0x24 ./Middlewares/Third_Party/FreeRTOS/Source/timers.o
 .text.prvProcessTimerOrBlockTask
                0x000000000800b534       0x9c ./Middlewares/Third_Party/FreeRTOS/Source/timers.o
 .text.prvGetNextExpireTime
                0x000000000800b5d0       0x48 ./Middlewares/Third_Party/FreeRTOS/Source/timers.o
 .text.prvSampleTimeNow
                0x000000000800b618       0x40 ./Middlewares/Third_Party/FreeRTOS/Source/timers.o
 .text.prvInsertTimerInActiveList
                0x000000000800b658       0x84 ./Middlewares/Third_Party/FreeRTOS/Source/timers.o
 .text.prvProcessReceivedCommands
                0x000000000800b6dc      0x18c ./Middlewares/Third_Party/FreeRTOS/Source/timers.o
 .text.prvSwitchTimerLists
                0x000000000800b868       0xc8 ./Middlewares/Third_Party/FreeRTOS/Source/timers.o
 .text.prvCheckForValidListAndQueue
                0x000000000800b930       0x80 ./Middlewares/Third_Party/FreeRTOS/Source/timers.o
 .text.pxPortInitialiseStack
                0x000000000800b9b0       0x68 ./Middlewares/Third_Party/FreeRTOS/Source/portable/GCC/ARM_CM4F/port.o
                0x000000000800b9b0                pxPortInitialiseStack
 .text.prvTaskExitError
                0x000000000800ba18       0x58 ./Middlewares/Third_Party/FreeRTOS/Source/portable/GCC/ARM_CM4F/port.o
 .text.SVC_Handler
                0x000000000800ba70       0x28 ./Middlewares/Third_Party/FreeRTOS/Source/portable/GCC/ARM_CM4F/port.o
                0x000000000800ba70                SVC_Handler
 .text.prvPortStartFirstTask
                0x000000000800ba98       0x28 ./Middlewares/Third_Party/FreeRTOS/Source/portable/GCC/ARM_CM4F/port.o
 .text.xPortStartScheduler
                0x000000000800bac0      0x144 ./Middlewares/Third_Party/FreeRTOS/Source/portable/GCC/ARM_CM4F/port.o
                0x000000000800bac0                xPortStartScheduler
 .text.vPortEnterCritical
                0x000000000800bc04       0x60 ./Middlewares/Third_Party/FreeRTOS/Source/portable/GCC/ARM_CM4F/port.o
                0x000000000800bc04                vPortEnterCritical
 .text.vPortExitCritical
                0x000000000800bc64       0x54 ./Middlewares/Third_Party/FreeRTOS/Source/portable/GCC/ARM_CM4F/port.o
                0x000000000800bc64                vPortExitCritical
 *fill*         0x000000000800bcb8        0x8 
 .text.PendSV_Handler
                0x000000000800bcc0       0x68 ./Middlewares/Third_Party/FreeRTOS/Source/portable/GCC/ARM_CM4F/port.o
                0x000000000800bcc0                PendSV_Handler
 .text.SysTick_Handler
                0x000000000800bd28       0x44 ./Middlewares/Third_Party/FreeRTOS/Source/portable/GCC/ARM_CM4F/port.o
                0x000000000800bd28                SysTick_Handler
 .text.vPortSetupTimerInterrupt
                0x000000000800bd6c       0x48 ./Middlewares/Third_Party/FreeRTOS/Source/portable/GCC/ARM_CM4F/port.o
                0x000000000800bd6c                vPortSetupTimerInterrupt
 .text.vPortEnableVFP
                0x000000000800bdb4       0x14 ./Middlewares/Third_Party/FreeRTOS/Source/portable/GCC/ARM_CM4F/port.o
 .text.vPortValidateInterruptPriority
                0x000000000800bdc8       0x80 ./Middlewares/Third_Party/FreeRTOS/Source/portable/GCC/ARM_CM4F/port.o
                0x000000000800bdc8                vPortValidateInterruptPriority
 .text.pvPortMalloc
                0x000000000800be48      0x198 ./Middlewares/Third_Party/FreeRTOS/Source/portable/MemMang/heap_4.o
                0x000000000800be48                pvPortMalloc
 .text.vPortFree
                0x000000000800bfe0       0xc4 ./Middlewares/Third_Party/FreeRTOS/Source/portable/MemMang/heap_4.o
                0x000000000800bfe0                vPortFree
 .text.prvHeapInit
                0x000000000800c0a4       0xc4 ./Middlewares/Third_Party/FreeRTOS/Source/portable/MemMang/heap_4.o
 .text.prvInsertBlockIntoFreeList
                0x000000000800c168       0xb4 ./Middlewares/Third_Party/FreeRTOS/Source/portable/MemMang/heap_4.o
 .text.ThreadEventWriteTask
                0x000000000800c21c      0x3f4 ./User/EventWriteTask.o
                0x000000000800c21c                ThreadEventWriteTask
 .text.ThreadGetCurrentTask
                0x000000000800c610     0x189c ./User/GetCurrentTask.o
                0x000000000800c610                ThreadGetCurrentTask
 .text.ThreadM95Task
                0x000000000800deac      0x45c ./User/M95Task.o
                0x000000000800deac                ThreadM95Task
 .text.__NVIC_SystemReset
                0x000000000800e308       0x2c ./User/MainTask.o
 *fill*         0x000000000800e334        0x4 
 .text.ThreadMainTask
                0x000000000800e338     0x1c8c ./User/MainTask.o
                0x000000000800e338                ThreadMainTask
 .text.ThreadMeterTask
                0x000000000800ffc4       0xb0 ./User/MeterTask.o
                0x000000000800ffc4                ThreadMeterTask
 .text.ThreadModbusPacketTask
                0x0000000008010074      0x44c ./User/ModbusPacketTask.o
                0x0000000008010074                ThreadModbusPacketTask
 .text.ThreadModbusTask
                0x00000000080104c0      0x4a0 ./User/ModbusTask.o
                0x00000000080104c0                ThreadModbusTask
 .text.ThreadReadRegistersTask
                0x0000000008010960       0x5c ./User/ReadRegistersTask.o
                0x0000000008010960                ThreadReadRegistersTask
 .text.meter_rx_buffer_clear
                0x00000000080109bc       0x34 ./User/ce303.o
                0x00000000080109bc                meter_rx_buffer_clear
 .text.ce303_voltage
                0x00000000080109f0     0x1498 ./User/ce303.o
                0x00000000080109f0                ce303_voltage
 .text.ce303_current
                0x0000000008011e88     0x1494 ./User/ce303.o
                0x0000000008011e88                ce303_current
 .text.ce303_power
                0x000000000801331c     0x1498 ./User/ce303.o
                0x000000000801331c                ce303_power
 .text.ce303_tarif
                0x00000000080147b4     0x2478 ./User/ce303.o
                0x00000000080147b4                ce303_tarif
 .text.fm25v02_read
                0x0000000008016c2c       0x74 ./User/fm25v02.o
                0x0000000008016c2c                fm25v02_read
 .text.fm25v02_write
                0x0000000008016ca0       0x98 ./User/fm25v02.o
                0x0000000008016ca0                fm25v02_write
 .text.fm25v02_fast_write
                0x0000000008016d38       0x48 ./User/fm25v02.o
                0x0000000008016d38                fm25v02_fast_write
 .text.fm25v02_fast_read
                0x0000000008016d80       0x7c ./User/fm25v02.o
                0x0000000008016d80                fm25v02_fast_read
 .text.BUZ_ON   0x0000000008016dfc       0x18 ./User/gpio.o
                0x0000000008016dfc                BUZ_ON
 .text.BUZ_OFF  0x0000000008016e14       0x18 ./User/gpio.o
                0x0000000008016e14                BUZ_OFF
 .text.LED_VD4_ON
                0x0000000008016e2c       0x18 ./User/gpio.o
                0x0000000008016e2c                LED_VD4_ON
 .text.LED_VD4_OFF
                0x0000000008016e44       0x18 ./User/gpio.o
                0x0000000008016e44                LED_VD4_OFF
 .text.LED_VD3_TOGGLE
                0x0000000008016e5c       0x18 ./User/gpio.o
                0x0000000008016e5c                LED_VD3_TOGGLE
 .text.LED1_OFF
                0x0000000008016e74       0x18 ./User/gpio.o
                0x0000000008016e74                LED1_OFF
 .text.LED1_ON  0x0000000008016e8c       0x18 ./User/gpio.o
                0x0000000008016e8c                LED1_ON
 .text.LED3_OFF
                0x0000000008016ea4       0x18 ./User/gpio.o
                0x0000000008016ea4                LED3_OFF
 .text.LED3_ON  0x0000000008016ebc       0x18 ./User/gpio.o
                0x0000000008016ebc                LED3_ON
 .text.LED4_OFF
                0x0000000008016ed4       0x18 ./User/gpio.o
                0x0000000008016ed4                LED4_OFF
 .text.LED4_ON  0x0000000008016eec       0x18 ./User/gpio.o
                0x0000000008016eec                LED4_ON
 .text.LED5_OFF
                0x0000000008016f04       0x18 ./User/gpio.o
                0x0000000008016f04                LED5_OFF
 .text.LED5_ON  0x0000000008016f1c       0x18 ./User/gpio.o
                0x0000000008016f1c                LED5_ON
 .text.LED6_OFF
                0x0000000008016f34       0x18 ./User/gpio.o
                0x0000000008016f34                LED6_OFF
 .text.LED6_ON  0x0000000008016f4c       0x18 ./User/gpio.o
                0x0000000008016f4c                LED6_ON
 .text.LED7_OFF
                0x0000000008016f64       0x18 ./User/gpio.o
                0x0000000008016f64                LED7_OFF
 .text.LED7_ON  0x0000000008016f7c       0x18 ./User/gpio.o
                0x0000000008016f7c                LED7_ON
 .text.LED8_OFF
                0x0000000008016f94       0x18 ./User/gpio.o
                0x0000000008016f94                LED8_OFF
 .text.LED8_ON  0x0000000008016fac       0x18 ./User/gpio.o
                0x0000000008016fac                LED8_ON
 .text.PHASE_A_ON
                0x0000000008016fc4       0x18 ./User/gpio.o
                0x0000000008016fc4                PHASE_A_ON
 .text.PHASE_A_OFF
                0x0000000008016fdc       0x18 ./User/gpio.o
                0x0000000008016fdc                PHASE_A_OFF
 .text.PHASE_B_ON
                0x0000000008016ff4       0x18 ./User/gpio.o
                0x0000000008016ff4                PHASE_B_ON
 .text.PHASE_B_OFF
                0x000000000801700c       0x18 ./User/gpio.o
                0x000000000801700c                PHASE_B_OFF
 .text.PHASE_C_ON
                0x0000000008017024       0x18 ./User/gpio.o
                0x0000000008017024                PHASE_C_ON
 .text.PHASE_C_OFF
                0x000000000801703c       0x18 ./User/gpio.o
                0x000000000801703c                PHASE_C_OFF
 .text.find_str
                0x0000000008017054       0x68 ./User/m95.o
                0x0000000008017054                find_str
 .text.m95_power_on
                0x00000000080170bc       0x38 ./User/m95.o
                0x00000000080170bc                m95_power_on
 .text.m95_power_off
                0x00000000080170f4       0x38 ./User/m95.o
                0x00000000080170f4                m95_power_off
 .text.modem_rx_buffer_clear
                0x000000000801712c       0x34 ./User/m95.o
                0x000000000801712c                modem_rx_buffer_clear
 .text.ATE0     0x0000000008017160       0xac ./User/m95.o
                0x0000000008017160                ATE0
 .text.AT       0x000000000801720c       0xac ./User/m95.o
                0x000000000801720c                AT
 .text.AT_CSQ   0x00000000080172b8       0xfc ./User/m95.o
                0x00000000080172b8                AT_CSQ
 .text.AT_QCCID
                0x00000000080173b4      0x714 ./User/m95.o
                0x00000000080173b4                AT_QCCID
 .text.AT_COPS  0x0000000008017ac8       0xb8 ./User/m95.o
                0x0000000008017ac8                AT_COPS
 .text.AT_QIOPEN
                0x0000000008017b80      0x19c ./User/m95.o
                0x0000000008017b80                AT_QIOPEN
 .text.AT_QISEND
                0x0000000008017d1c      0x128 ./User/m95.o
                0x0000000008017d1c                AT_QISEND
 .text.AT_QIMUX
                0x0000000008017e44       0xdc ./User/m95.o
                0x0000000008017e44                AT_QIMUX
 .text.AT_QIREGAPP
                0x0000000008017f20       0xf8 ./User/m95.o
                0x0000000008017f20                AT_QIREGAPP
 .text.AT_QIACT
                0x0000000008018018       0xd4 ./User/m95.o
                0x0000000008018018                AT_QIACT
 .text.AT_QIDEACT
                0x00000000080180ec       0xd4 ./User/m95.o
                0x00000000080180ec                AT_QIDEACT
 .text.AT_QISTATE
                0x00000000080181c0      0x250 ./User/m95.o
                0x00000000080181c0                AT_QISTATE
 .text.read_status_registers
                0x0000000008018410     0x10d0 ./User/modbus.o
                0x0000000008018410                read_status_registers
 .text.read_control_registers
                0x00000000080194e0      0x990 ./User/modbus.o
                0x00000000080194e0                read_control_registers
 .text.CRC16    0x0000000008019e70       0x64 ./User/modbus.o
                0x0000000008019e70                CRC16
 .text.TSL2561_setPowerUp
                0x0000000008019ed4       0x12 ./User/tsl2561.o
                0x0000000008019ed4                TSL2561_setPowerUp
 .text.TSL2561_setTiming
                0x0000000008019ee6       0x7c ./User/tsl2561.o
                0x0000000008019ee6                TSL2561_setTiming
 .text.TSL2561_setTiming_ms
                0x0000000008019f62       0x5a ./User/tsl2561.o
                0x0000000008019f62                TSL2561_setTiming_ms
 .text.TSL2561_getData
                0x0000000008019fbc       0x3a ./User/tsl2561.o
                0x0000000008019fbc                TSL2561_getData
 *fill*         0x0000000008019ff6        0x2 
 .text.TSL2561_getLux
                0x0000000008019ff8      0x2e0 ./User/tsl2561.o
                0x0000000008019ff8                TSL2561_getLux
 .text.TSL2561_getID
                0x000000000801a2d8       0x24 ./User/tsl2561.o
                0x000000000801a2d8                TSL2561_getID
 .text.TSL2561_WriteByte
                0x000000000801a2fc       0x58 ./User/tsl2561.o
                0x000000000801a2fc                TSL2561_WriteByte
 .text.TSL2561_ReadByte
                0x000000000801a354       0x68 ./User/tsl2561.o
                0x000000000801a354                TSL2561_ReadByte
 .text.TSL2561_readUInt
                0x000000000801a3bc       0x84 ./User/tsl2561.o
                0x000000000801a3bc                TSL2561_readUInt
 .text.__errno  0x000000000801a440        0xc c:/st/stm32cubeide_1.8.0/stm32cubeide/plugins/com.st.stm32cube.ide.mcu.externaltools.gnu-tools-for-stm32.9-2020-q2-update.win32_2.0.0.202105311346/tools/bin/../lib/gcc/arm-none-eabi/9.3.1/../../../../arm-none-eabi/lib/thumb/v7e-m+fp/hard\libc_nano.a(lib_a-errno.o)
                0x000000000801a440                __errno
 .text.__libc_init_array
                0x000000000801a44c       0x48 c:/st/stm32cubeide_1.8.0/stm32cubeide/plugins/com.st.stm32cube.ide.mcu.externaltools.gnu-tools-for-stm32.9-2020-q2-update.win32_2.0.0.202105311346/tools/bin/../lib/gcc/arm-none-eabi/9.3.1/../../../../arm-none-eabi/lib/thumb/v7e-m+fp/hard\libc_nano.a(lib_a-init.o)
                0x000000000801a44c                __libc_init_array
 .text.__retarget_lock_acquire_recursive
                0x000000000801a494        0x2 c:/st/stm32cubeide_1.8.0/stm32cubeide/plugins/com.st.stm32cube.ide.mcu.externaltools.gnu-tools-for-stm32.9-2020-q2-update.win32_2.0.0.202105311346/tools/bin/../lib/gcc/arm-none-eabi/9.3.1/../../../../arm-none-eabi/lib/thumb/v7e-m+fp/hard\libc_nano.a(lib_a-lock.o)
                0x000000000801a494                __retarget_lock_acquire_recursive
 .text.__retarget_lock_release_recursive
                0x000000000801a496        0x2 c:/st/stm32cubeide_1.8.0/stm32cubeide/plugins/com.st.stm32cube.ide.mcu.externaltools.gnu-tools-for-stm32.9-2020-q2-update.win32_2.0.0.202105311346/tools/bin/../lib/gcc/arm-none-eabi/9.3.1/../../../../arm-none-eabi/lib/thumb/v7e-m+fp/hard\libc_nano.a(lib_a-lock.o)
                0x000000000801a496                __retarget_lock_release_recursive
 .text.memcpy   0x000000000801a498       0x1c c:/st/stm32cubeide_1.8.0/stm32cubeide/plugins/com.st.stm32cube.ide.mcu.externaltools.gnu-tools-for-stm32.9-2020-q2-update.win32_2.0.0.202105311346/tools/bin/../lib/gcc/arm-none-eabi/9.3.1/../../../../arm-none-eabi/lib/thumb/v7e-m+fp/hard\libc_nano.a(lib_a-memcpy-stub.o)
                0x000000000801a498                memcpy
 .text.memset   0x000000000801a4b4       0x10 c:/st/stm32cubeide_1.8.0/stm32cubeide/plugins/com.st.stm32cube.ide.mcu.externaltools.gnu-tools-for-stm32.9-2020-q2-update.win32_2.0.0.202105311346/tools/bin/../lib/gcc/arm-none-eabi/9.3.1/../../../../arm-none-eabi/lib/thumb/v7e-m+fp/hard\libc_nano.a(lib_a-memset.o)
                0x000000000801a4b4                memset
 .text._malloc_r
                0x000000000801a4c4       0xb4 c:/st/stm32cubeide_1.8.0/stm32cubeide/plugins/com.st.stm32cube.ide.mcu.externaltools.gnu-tools-for-stm32.9-2020-q2-update.win32_2.0.0.202105311346/tools/bin/../lib/gcc/arm-none-eabi/9.3.1/../../../../arm-none-eabi/lib/thumb/v7e-m+fp/hard\libc_nano.a(lib_a-nano-mallocr.o)
                0x000000000801a4c4                _malloc_r
 .text.cleanup_glue
                0x000000000801a578       0x1a c:/st/stm32cubeide_1.8.0/stm32cubeide/plugins/com.st.stm32cube.ide.mcu.externaltools.gnu-tools-for-stm32.9-2020-q2-update.win32_2.0.0.202105311346/tools/bin/../lib/gcc/arm-none-eabi/9.3.1/../../../../arm-none-eabi/lib/thumb/v7e-m+fp/hard\libc_nano.a(lib_a-reent.o)
                0x000000000801a578                cleanup_glue
 *fill*         0x000000000801a592        0x2 
 .text._reclaim_reent
                0x000000000801a594       0xb8 c:/st/stm32cubeide_1.8.0/stm32cubeide/plugins/com.st.stm32cube.ide.mcu.externaltools.gnu-tools-for-stm32.9-2020-q2-update.win32_2.0.0.202105311346/tools/bin/../lib/gcc/arm-none-eabi/9.3.1/../../../../arm-none-eabi/lib/thumb/v7e-m+fp/hard\libc_nano.a(lib_a-reent.o)
                0x000000000801a594                _reclaim_reent
 .text._sbrk_r  0x000000000801a64c       0x20 c:/st/stm32cubeide_1.8.0/stm32cubeide/plugins/com.st.stm32cube.ide.mcu.externaltools.gnu-tools-for-stm32.9-2020-q2-update.win32_2.0.0.202105311346/tools/bin/../lib/gcc/arm-none-eabi/9.3.1/../../../../arm-none-eabi/lib/thumb/v7e-m+fp/hard\libc_nano.a(lib_a-sbrkr.o)
                0x000000000801a64c                _sbrk_r
 .text.sprintf  0x000000000801a66c       0x40 c:/st/stm32cubeide_1.8.0/stm32cubeide/plugins/com.st.stm32cube.ide.mcu.externaltools.gnu-tools-for-stm32.9-2020-q2-update.win32_2.0.0.202105311346/tools/bin/../lib/gcc/arm-none-eabi/9.3.1/../../../../arm-none-eabi/lib/thumb/v7e-m+fp/hard\libc_nano.a(lib_a-sprintf.o)
                0x000000000801a66c                siprintf
                0x000000000801a66c                sprintf
 .text.strstr   0x000000000801a6ac       0x2e c:/st/stm32cubeide_1.8.0/stm32cubeide/plugins/com.st.stm32cube.ide.mcu.externaltools.gnu-tools-for-stm32.9-2020-q2-update.win32_2.0.0.202105311346/tools/bin/../lib/gcc/arm-none-eabi/9.3.1/../../../../arm-none-eabi/lib/thumb/v7e-m+fp/hard\libc_nano.a(lib_a-strstr.o)
                0x000000000801a6ac                strstr
 *fill*         0x000000000801a6da        0x2 
 .text.__malloc_lock
                0x000000000801a6dc        0xc c:/st/stm32cubeide_1.8.0/stm32cubeide/plugins/com.st.stm32cube.ide.mcu.externaltools.gnu-tools-for-stm32.9-2020-q2-update.win32_2.0.0.202105311346/tools/bin/../lib/gcc/arm-none-eabi/9.3.1/../../../../arm-none-eabi/lib/thumb/v7e-m+fp/hard\libc_nano.a(lib_a-mlock.o)
                0x000000000801a6dc                __malloc_lock
 .text.__malloc_unlock
                0x000000000801a6e8        0xc c:/st/stm32cubeide_1.8.0/stm32cubeide/plugins/com.st.stm32cube.ide.mcu.externaltools.gnu-tools-for-stm32.9-2020-q2-update.win32_2.0.0.202105311346/tools/bin/../lib/gcc/arm-none-eabi/9.3.1/../../../../arm-none-eabi/lib/thumb/v7e-m+fp/hard\libc_nano.a(lib_a-mlock.o)
                0x000000000801a6e8                __malloc_unlock
 .text._free_r  0x000000000801a6f4       0xa0 c:/st/stm32cubeide_1.8.0/stm32cubeide/plugins/com.st.stm32cube.ide.mcu.externaltools.gnu-tools-for-stm32.9-2020-q2-update.win32_2.0.0.202105311346/tools/bin/../lib/gcc/arm-none-eabi/9.3.1/../../../../arm-none-eabi/lib/thumb/v7e-m+fp/hard\libc_nano.a(lib_a-nano-freer.o)
                0x000000000801a6f4                _free_r
 .text.__ssputs_r
                0x000000000801a794       0xb6 c:/st/stm32cubeide_1.8.0/stm32cubeide/plugins/com.st.stm32cube.ide.mcu.externaltools.gnu-tools-for-stm32.9-2020-q2-update.win32_2.0.0.202105311346/tools/bin/../lib/gcc/arm-none-eabi/9.3.1/../../../../arm-none-eabi/lib/thumb/v7e-m+fp/hard\libc_nano.a(lib_a-nano-svfprintf.o)
                0x000000000801a794                __ssputs_r
 *fill*         0x000000000801a84a        0x2 
 .text._svfprintf_r
                0x000000000801a84c      0x200 c:/st/stm32cubeide_1.8.0/stm32cubeide/plugins/com.st.stm32cube.ide.mcu.externaltools.gnu-tools-for-stm32.9-2020-q2-update.win32_2.0.0.202105311346/tools/bin/../lib/gcc/arm-none-eabi/9.3.1/../../../../arm-none-eabi/lib/thumb/v7e-m+fp/hard\libc_nano.a(lib_a-nano-svfprintf.o)
                0x000000000801a84c                _svfiprintf_r
                0x000000000801a84c                _svfprintf_r
 .text._printf_common
                0x000000000801aa4c       0xda c:/st/stm32cubeide_1.8.0/stm32cubeide/plugins/com.st.stm32cube.ide.mcu.externaltools.gnu-tools-for-stm32.9-2020-q2-update.win32_2.0.0.202105311346/tools/bin/../lib/gcc/arm-none-eabi/9.3.1/../../../../arm-none-eabi/lib/thumb/v7e-m+fp/hard\libc_nano.a(lib_a-nano-vfprintf_i.o)
                0x000000000801aa4c                _printf_common
 *fill*         0x000000000801ab26        0x2 
 .text._printf_i
                0x000000000801ab28      0x24c c:/st/stm32cubeide_1.8.0/stm32cubeide/plugins/com.st.stm32cube.ide.mcu.externaltools.gnu-tools-for-stm32.9-2020-q2-update.win32_2.0.0.202105311346/tools/bin/../lib/gcc/arm-none-eabi/9.3.1/../../../../arm-none-eabi/lib/thumb/v7e-m+fp/hard\libc_nano.a(lib_a-nano-vfprintf_i.o)
                0x000000000801ab28                _printf_i
 .text.memmove  0x000000000801ad74       0x34 c:/st/stm32cubeide_1.8.0/stm32cubeide/plugins/com.st.stm32cube.ide.mcu.externaltools.gnu-tools-for-stm32.9-2020-q2-update.win32_2.0.0.202105311346/tools/bin/../lib/gcc/arm-none-eabi/9.3.1/../../../../arm-none-eabi/lib/thumb/v7e-m+fp/hard\libc_nano.a(lib_a-memmove.o)
                0x000000000801ad74                memmove
 .text._realloc_r
                0x000000000801ada8       0x4c c:/st/stm32cubeide_1.8.0/stm32cubeide/plugins/com.st.stm32cube.ide.mcu.externaltools.gnu-tools-for-stm32.9-2020-q2-update.win32_2.0.0.202105311346/tools/bin/../lib/gcc/arm-none-eabi/9.3.1/../../../../arm-none-eabi/lib/thumb/v7e-m+fp/hard\libc_nano.a(lib_a-nano-reallocr.o)
                0x000000000801ada8                _realloc_r
 .text._malloc_usable_size_r
                0x000000000801adf4       0x10 c:/st/stm32cubeide_1.8.0/stm32cubeide/plugins/com.st.stm32cube.ide.mcu.externaltools.gnu-tools-for-stm32.9-2020-q2-update.win32_2.0.0.202105311346/tools/bin/../lib/gcc/arm-none-eabi/9.3.1/../../../../arm-none-eabi/lib/thumb/v7e-m+fp/hard\libc_nano.a(lib_a-nano-msizer.o)
                0x000000000801adf4                _malloc_usable_size_r
 .text.pow      0x000000000801ae04      0x15c c:/st/stm32cubeide_1.8.0/stm32cubeide/plugins/com.st.stm32cube.ide.mcu.externaltools.gnu-tools-for-stm32.9-2020-q2-update.win32_2.0.0.202105311346/tools/bin/../lib/gcc/arm-none-eabi/9.3.1/../../../../arm-none-eabi/lib/thumb/v7e-m+fp/hard\libm.a(lib_a-w_pow.o)
                0x000000000801ae04                pow
 .text.__ieee754_pow
                0x000000000801af60      0xa44 c:/st/stm32cubeide_1.8.0/stm32cubeide/plugins/com.st.stm32cube.ide.mcu.externaltools.gnu-tools-for-stm32.9-2020-q2-update.win32_2.0.0.202105311346/tools/bin/../lib/gcc/arm-none-eabi/9.3.1/../../../../arm-none-eabi/lib/thumb/v7e-m+fp/hard\libm.a(lib_a-e_pow.o)
                0x000000000801af60                __ieee754_pow
 .text.__ieee754_sqrt
                0x000000000801b9a4      0x168 c:/st/stm32cubeide_1.8.0/stm32cubeide/plugins/com.st.stm32cube.ide.mcu.externaltools.gnu-tools-for-stm32.9-2020-q2-update.win32_2.0.0.202105311346/tools/bin/../lib/gcc/arm-none-eabi/9.3.1/../../../../arm-none-eabi/lib/thumb/v7e-m+fp/hard\libm.a(lib_a-e_sqrt.o)
                0x000000000801b9a4                __ieee754_sqrt
 .text.fabs     0x000000000801bb0c       0x12 c:/st/stm32cubeide_1.8.0/stm32cubeide/plugins/com.st.stm32cube.ide.mcu.externaltools.gnu-tools-for-stm32.9-2020-q2-update.win32_2.0.0.202105311346/tools/bin/../lib/gcc/arm-none-eabi/9.3.1/../../../../arm-none-eabi/lib/thumb/v7e-m+fp/hard\libm.a(lib_a-s_fabs.o)
                0x000000000801bb0c                fabs
 .text.finite   0x000000000801bb1e       0x16 c:/st/stm32cubeide_1.8.0/stm32cubeide/plugins/com.st.stm32cube.ide.mcu.externaltools.gnu-tools-for-stm32.9-2020-q2-update.win32_2.0.0.202105311346/tools/bin/../lib/gcc/arm-none-eabi/9.3.1/../../../../arm-none-eabi/lib/thumb/v7e-m+fp/hard\libm.a(lib_a-s_finite.o)
                0x000000000801bb1e                finite
 *fill*         0x000000000801bb34        0x4 
 .text.nan      0x000000000801bb38       0x10 c:/st/stm32cubeide_1.8.0/stm32cubeide/plugins/com.st.stm32cube.ide.mcu.externaltools.gnu-tools-for-stm32.9-2020-q2-update.win32_2.0.0.202105311346/tools/bin/../lib/gcc/arm-none-eabi/9.3.1/../../../../arm-none-eabi/lib/thumb/v7e-m+fp/hard\libm.a(lib_a-s_nan.o)
                0x000000000801bb38                nan
 .text.rint     0x000000000801bb48      0x114 c:/st/stm32cubeide_1.8.0/stm32cubeide/plugins/com.st.stm32cube.ide.mcu.externaltools.gnu-tools-for-stm32.9-2020-q2-update.win32_2.0.0.202105311346/tools/bin/../lib/gcc/arm-none-eabi/9.3.1/../../../../arm-none-eabi/lib/thumb/v7e-m+fp/hard\libm.a(lib_a-s_rint.o)
                0x000000000801bb48                rint
 *fill*         0x000000000801bc5c        0x4 
 .text.scalbn   0x000000000801bc60      0x10c c:/st/stm32cubeide_1.8.0/stm32cubeide/plugins/com.st.stm32cube.ide.mcu.externaltools.gnu-tools-for-stm32.9-2020-q2-update.win32_2.0.0.202105311346/tools/bin/../lib/gcc/arm-none-eabi/9.3.1/../../../../arm-none-eabi/lib/thumb/v7e-m+fp/hard\libm.a(lib_a-s_scalbn.o)
                0x000000000801bc60                scalbn
 *(.glue_7)
 .glue_7        0x000000000801bd6c        0x0 linker stubs
 *(.glue_7t)
 .glue_7t       0x000000000801bd6c        0x0 linker stubs
 *(.eh_frame)
 .eh_frame      0x000000000801bd6c        0x0 c:/st/stm32cubeide_1.8.0/stm32cubeide/plugins/com.st.stm32cube.ide.mcu.externaltools.gnu-tools-for-stm32.9-2020-q2-update.win32_2.0.0.202105311346/tools/bin/../lib/gcc/arm-none-eabi/9.3.1/thumb/v7e-m+fp/hard/crtbegin.o
 *(.init)
 .init          0x000000000801bd6c        0x4 c:/st/stm32cubeide_1.8.0/stm32cubeide/plugins/com.st.stm32cube.ide.mcu.externaltools.gnu-tools-for-stm32.9-2020-q2-update.win32_2.0.0.202105311346/tools/bin/../lib/gcc/arm-none-eabi/9.3.1/thumb/v7e-m+fp/hard/crti.o
                0x000000000801bd6c                _init
 .init          0x000000000801bd70        0x8 c:/st/stm32cubeide_1.8.0/stm32cubeide/plugins/com.st.stm32cube.ide.mcu.externaltools.gnu-tools-for-stm32.9-2020-q2-update.win32_2.0.0.202105311346/tools/bin/../lib/gcc/arm-none-eabi/9.3.1/thumb/v7e-m+fp/hard/crtn.o
 *(.fini)
 .fini          0x000000000801bd78        0x4 c:/st/stm32cubeide_1.8.0/stm32cubeide/plugins/com.st.stm32cube.ide.mcu.externaltools.gnu-tools-for-stm32.9-2020-q2-update.win32_2.0.0.202105311346/tools/bin/../lib/gcc/arm-none-eabi/9.3.1/thumb/v7e-m+fp/hard/crti.o
                0x000000000801bd78                _fini
 .fini          0x000000000801bd7c        0x8 c:/st/stm32cubeide_1.8.0/stm32cubeide/plugins/com.st.stm32cube.ide.mcu.externaltools.gnu-tools-for-stm32.9-2020-q2-update.win32_2.0.0.202105311346/tools/bin/../lib/gcc/arm-none-eabi/9.3.1/thumb/v7e-m+fp/hard/crtn.o
                0x000000000801bd84                . = ALIGN (0x4)
                0x000000000801bd84                _etext = .

.vfp11_veneer   0x000000000801bd84        0x0
 .vfp11_veneer  0x000000000801bd84        0x0 linker stubs

.v4_bx          0x000000000801bd84        0x0
 .v4_bx         0x000000000801bd84        0x0 linker stubs

.iplt           0x000000000801bd84        0x0
 .iplt          0x000000000801bd84        0x0 c:/st/stm32cubeide_1.8.0/stm32cubeide/plugins/com.st.stm32cube.ide.mcu.externaltools.gnu-tools-for-stm32.9-2020-q2-update.win32_2.0.0.202105311346/tools/bin/../lib/gcc/arm-none-eabi/9.3.1/thumb/v7e-m+fp/hard/crtbegin.o

.rodata         0x000000000801bd88      0x6e0
                0x000000000801bd88                . = ALIGN (0x4)
 *(.rodata)
 .rodata        0x000000000801bd88      0x18c ./Core/Src/main.o
 .rodata        0x000000000801bf14        0x1 ./Middlewares/Third_Party/FreeRTOS/Source/CMSIS_RTOS/cmsis_os.o
 *fill*         0x000000000801bf15        0x3 
 .rodata        0x000000000801bf18        0x5 ./Middlewares/Third_Party/FreeRTOS/Source/tasks.o
 *fill*         0x000000000801bf1d        0x3 
 .rodata        0x000000000801bf20        0xd ./Middlewares/Third_Party/FreeRTOS/Source/timers.o
 *fill*         0x000000000801bf2d        0x3 
 .rodata        0x000000000801bf30       0x18 ./User/M95Task.o
 .rodata        0x000000000801bf48      0x229 ./User/m95.o
 *(.rodata*)
 *fill*         0x000000000801c171        0x3 
 .rodata.AHBPrescTable
                0x000000000801c174       0x10 ./Core/Src/system_stm32f4xx.o
                0x000000000801c174                AHBPrescTable
 .rodata.APBPrescTable
                0x000000000801c184        0x8 ./Core/Src/system_stm32f4xx.o
                0x000000000801c184                APBPrescTable
 .rodata.flagBitshiftOffset.9429
                0x000000000801c18c        0x8 ./Drivers/STM32F4xx_HAL_Driver/Src/stm32f4xx_hal_dma.o
 .rodata.MB_Slave_aucCRCHi
                0x000000000801c194      0x100 ./User/modbus.o
                0x000000000801c194                MB_Slave_aucCRCHi
 .rodata.MB_Slave_aucCRCLo
                0x000000000801c294      0x100 ./User/modbus.o
                0x000000000801c294                MB_Slave_aucCRCLo
 .rodata.__sf_fake_stderr
                0x000000000801c394       0x20 c:/st/stm32cubeide_1.8.0/stm32cubeide/plugins/com.st.stm32cube.ide.mcu.externaltools.gnu-tools-for-stm32.9-2020-q2-update.win32_2.0.0.202105311346/tools/bin/../lib/gcc/arm-none-eabi/9.3.1/../../../../arm-none-eabi/lib/thumb/v7e-m+fp/hard\libc_nano.a(lib_a-findfp.o)
                0x000000000801c394                __sf_fake_stderr
 .rodata.__sf_fake_stdin
                0x000000000801c3b4       0x20 c:/st/stm32cubeide_1.8.0/stm32cubeide/plugins/com.st.stm32cube.ide.mcu.externaltools.gnu-tools-for-stm32.9-2020-q2-update.win32_2.0.0.202105311346/tools/bin/../lib/gcc/arm-none-eabi/9.3.1/../../../../arm-none-eabi/lib/thumb/v7e-m+fp/hard\libc_nano.a(lib_a-findfp.o)
                0x000000000801c3b4                __sf_fake_stdin
 .rodata.__sf_fake_stdout
                0x000000000801c3d4       0x20 c:/st/stm32cubeide_1.8.0/stm32cubeide/plugins/com.st.stm32cube.ide.mcu.externaltools.gnu-tools-for-stm32.9-2020-q2-update.win32_2.0.0.202105311346/tools/bin/../lib/gcc/arm-none-eabi/9.3.1/../../../../arm-none-eabi/lib/thumb/v7e-m+fp/hard\libc_nano.a(lib_a-findfp.o)
                0x000000000801c3d4                __sf_fake_stdout
 .rodata._svfprintf_r.str1.1
                0x000000000801c3f4       0x11 c:/st/stm32cubeide_1.8.0/stm32cubeide/plugins/com.st.stm32cube.ide.mcu.externaltools.gnu-tools-for-stm32.9-2020-q2-update.win32_2.0.0.202105311346/tools/bin/../lib/gcc/arm-none-eabi/9.3.1/../../../../arm-none-eabi/lib/thumb/v7e-m+fp/hard\libc_nano.a(lib_a-nano-svfprintf.o)
 .rodata._printf_i.str1.1
                0x000000000801c405       0x22 c:/st/stm32cubeide_1.8.0/stm32cubeide/plugins/com.st.stm32cube.ide.mcu.externaltools.gnu-tools-for-stm32.9-2020-q2-update.win32_2.0.0.202105311346/tools/bin/../lib/gcc/arm-none-eabi/9.3.1/../../../../arm-none-eabi/lib/thumb/v7e-m+fp/hard\libc_nano.a(lib_a-nano-vfprintf_i.o)
 .rodata.__ieee754_pow.str1.1
                0x000000000801c427       0x22 c:/st/stm32cubeide_1.8.0/stm32cubeide/plugins/com.st.stm32cube.ide.mcu.externaltools.gnu-tools-for-stm32.9-2020-q2-update.win32_2.0.0.202105311346/tools/bin/../lib/gcc/arm-none-eabi/9.3.1/../../../../arm-none-eabi/lib/thumb/v7e-m+fp/hard\libm.a(lib_a-e_pow.o)
                                          0x1 (size before relaxing)
 *fill*         0x000000000801c427        0x1 
 .rodata.bp     0x000000000801c428       0x10 c:/st/stm32cubeide_1.8.0/stm32cubeide/plugins/com.st.stm32cube.ide.mcu.externaltools.gnu-tools-for-stm32.9-2020-q2-update.win32_2.0.0.202105311346/tools/bin/../lib/gcc/arm-none-eabi/9.3.1/../../../../arm-none-eabi/lib/thumb/v7e-m+fp/hard\libm.a(lib_a-e_pow.o)
 .rodata.dp_h   0x000000000801c438       0x10 c:/st/stm32cubeide_1.8.0/stm32cubeide/plugins/com.st.stm32cube.ide.mcu.externaltools.gnu-tools-for-stm32.9-2020-q2-update.win32_2.0.0.202105311346/tools/bin/../lib/gcc/arm-none-eabi/9.3.1/../../../../arm-none-eabi/lib/thumb/v7e-m+fp/hard\libm.a(lib_a-e_pow.o)
 .rodata.dp_l   0x000000000801c448       0x10 c:/st/stm32cubeide_1.8.0/stm32cubeide/plugins/com.st.stm32cube.ide.mcu.externaltools.gnu-tools-for-stm32.9-2020-q2-update.win32_2.0.0.202105311346/tools/bin/../lib/gcc/arm-none-eabi/9.3.1/../../../../arm-none-eabi/lib/thumb/v7e-m+fp/hard\libm.a(lib_a-e_pow.o)
 .rodata.TWO52  0x000000000801c458       0x10 c:/st/stm32cubeide_1.8.0/stm32cubeide/plugins/com.st.stm32cube.ide.mcu.externaltools.gnu-tools-for-stm32.9-2020-q2-update.win32_2.0.0.202105311346/tools/bin/../lib/gcc/arm-none-eabi/9.3.1/../../../../arm-none-eabi/lib/thumb/v7e-m+fp/hard\libm.a(lib_a-s_rint.o)
                0x000000000801c468                . = ALIGN (0x4)

.ARM.extab      0x000000000801c468        0x0
                0x000000000801c468                . = ALIGN (0x4)
 *(.ARM.extab* .gnu.linkonce.armextab.*)
                0x000000000801c468                . = ALIGN (0x4)

.ARM            0x000000000801c468        0x8
                0x000000000801c468                . = ALIGN (0x4)
                0x000000000801c468                __exidx_start = .
 *(.ARM.exidx*)
 .ARM.exidx     0x000000000801c468        0x8 c:/st/stm32cubeide_1.8.0/stm32cubeide/plugins/com.st.stm32cube.ide.mcu.externaltools.gnu-tools-for-stm32.9-2020-q2-update.win32_2.0.0.202105311346/tools/bin/../lib/gcc/arm-none-eabi/9.3.1/thumb/v7e-m+fp/hard\libgcc.a(_udivmoddi4.o)
                0x000000000801c470                __exidx_end = .
                0x000000000801c470                . = ALIGN (0x4)

.rel.dyn        0x000000000801c470        0x0
 .rel.iplt      0x000000000801c470        0x0 c:/st/stm32cubeide_1.8.0/stm32cubeide/plugins/com.st.stm32cube.ide.mcu.externaltools.gnu-tools-for-stm32.9-2020-q2-update.win32_2.0.0.202105311346/tools/bin/../lib/gcc/arm-none-eabi/9.3.1/thumb/v7e-m+fp/hard/crtbegin.o

.preinit_array  0x000000000801c470        0x0
                0x000000000801c470                . = ALIGN (0x4)
                0x000000000801c470                PROVIDE (__preinit_array_start = .)
 *(.preinit_array*)